Component: ARM Compiler 5.05 (build 41) Tool: armlink [4d0eb9]

==============================================================================

Section Cross References

    startup_stm32f401xx.o(STACK) refers (Special) to heapauxi.o(.text) for __use_two_region_memory
    startup_stm32f401xx.o(HEAP) refers (Special) to heapauxi.o(.text) for __use_two_region_memory
    startup_stm32f401xx.o(RESET) refers (Special) to heapauxi.o(.text) for __use_two_region_memory
    startup_stm32f401xx.o(RESET) refers to startup_stm32f401xx.o(STACK) for __initial_sp
    startup_stm32f401xx.o(RESET) refers to startup_stm32f401xx.o(.text) for Reset_Handler
    startup_stm32f401xx.o(RESET) refers to stm32f4xx_it.o(.text) for NMI_Handler
    startup_stm32f401xx.o(RESET) refers to tm_stm32f4_usart.o(.text) for USART1_IRQHandler
    startup_stm32f401xx.o(.text) refers (Special) to heapauxi.o(.text) for __use_two_region_memory
    startup_stm32f401xx.o(.text) refers to system_stm32f4xx.o(.text) for SystemInit
    startup_stm32f401xx.o(.text) refers to __main.o(!!!main) for __main
    startup_stm32f401xx.o(.text) refers to startup_stm32f401xx.o(HEAP) for Heap_Mem
    startup_stm32f401xx.o(.text) refers to startup_stm32f401xx.o(STACK) for Stack_Mem
    stm32f4xx_rcc.o(.text) refers to stm32f4xx_rcc.o(.data) for .data
    stm32f4xx_gpio.o(.text) refers to stm32f4xx_rcc.o(.text) for RCC_AHB1PeriphResetCmd
    stm32f4xx_usart.o(.text) refers to stm32f4xx_rcc.o(.text) for RCC_APB2PeriphResetCmd
    stm32f4xx_tim.o(.text) refers to stm32f4xx_rcc.o(.text) for RCC_APB2PeriphResetCmd
    tm_stm32f4_delay.o(.text) refers to stm32f4xx_rcc.o(.text) for RCC_HSEConfig
    tm_stm32f4_delay.o(.text) refers to tm_stm32f4_delay.o(.data) for .data
    tm_stm32f4_delay.o(.text) refers to system_stm32f4xx.o(.data) for SystemCoreClock
    tm_stm32f4_disco.o(.text) refers to stm32f4xx_rcc.o(.text) for RCC_AHB1PeriphClockCmd
    tm_stm32f4_disco.o(.text) refers to stm32f4xx_gpio.o(.text) for GPIO_Init
    tm_stm32f4_ds18b20.o(.text) refers to tm_stm32f4_onewire.o(.text) for TM_OneWire_Reset
    tm_stm32f4_onewire.o(.text) refers to tm_stm32f4_delay.o(.text) for TM_DELAY_Init
    tm_stm32f4_onewire.o(.text) refers to stm32f4xx_rcc.o(.text) for RCC_AHB1PeriphClockCmd
    tm_stm32f4_onewire.o(.text) refers to stm32f4xx_gpio.o(.text) for GPIO_Init
    tm_stm32f4_onewire.o(.text) refers to tm_stm32f4_onewire.o(.data) for .data
    tm_stm32f4_pwm.o(.text) refers to tm_stm32f4_timer_properties.o(.text) for TM_TIMER_PROPERTIES_GetTimerProperties
    tm_stm32f4_pwm.o(.text) refers to dflt_clz.o(x$fpl$dfltu) for __aeabi_ui2d
    tm_stm32f4_pwm.o(.text) refers to dleqf.o(x$fpl$dleqf) for __aeabi_cdcmple
    tm_stm32f4_pwm.o(.text) refers to deqf.o(x$fpl$deqf) for __aeabi_cdcmpeq
    tm_stm32f4_pwm.o(.text) refers to dfixu.o(x$fpl$dfixu) for __aeabi_d2uiz
    tm_stm32f4_pwm.o(.text) refers to ddiv.o(x$fpl$ddiv) for __aeabi_ddiv
    tm_stm32f4_pwm.o(.text) refers to stm32f4xx_tim.o(.text) for TIM_TimeBaseInit
    tm_stm32f4_pwm.o(.text) refers to stm32f4xx_rcc.o(.text) for RCC_AHB1PeriphClockCmd
    tm_stm32f4_pwm.o(.text) refers to stm32f4xx_gpio.o(.text) for GPIO_PinAFConfig
    tm_stm32f4_timer_properties.o(.text) refers to stm32f4xx_rcc.o(.text) for RCC_GetClocksFreq
    tm_stm32f4_timer_properties.o(.text) refers to dflt_clz.o(x$fpl$dfltu) for __aeabi_ui2d
    tm_stm32f4_timer_properties.o(.text) refers to dleqf.o(x$fpl$dleqf) for __aeabi_cdcmple
    tm_stm32f4_timer_properties.o(.text) refers to deqf.o(x$fpl$deqf) for __aeabi_cdcmpeq
    tm_stm32f4_timer_properties.o(.text) refers to ddiv.o(x$fpl$ddiv) for __aeabi_ddiv
    tm_stm32f4_timer_properties.o(.text) refers to dfixu.o(x$fpl$dfixu) for __aeabi_d2uiz
    tm_stm32f4_usart.o(.text) refers to stm32f4xx_rcc.o(.text) for RCC_APB2PeriphClockCmd
    tm_stm32f4_usart.o(.text) refers to stm32f4xx_gpio.o(.text) for GPIO_PinAFConfig
    tm_stm32f4_usart.o(.text) refers to stm32f4xx_usart.o(.text) for USART_Init
    tm_stm32f4_usart.o(.text) refers to misc.o(.text) for NVIC_Init
    tm_stm32f4_usart.o(.text) refers to tm_stm32f4_usart.o(.bss) for .bss
    main.o(.text) refers to _printf_pad.o(.text) for _printf_pre_padding
    main.o(.text) refers to _printf_percent.o(.ARM.Collect$$_printf_percent$$00000000) for _printf_percent
    main.o(.text) refers to _printf_f.o(.ARM.Collect$$_printf_percent$$00000003) for _printf_f
    main.o(.text) refers to printf1.o(x$fpl$printf1) for _printf_fp_dec
    main.o(.text) refers to arm_pid_init_f32.o(.text) for arm_pid_init_f32
    main.o(.text) refers to system_stm32f4xx.o(.text) for SystemInit
    main.o(.text) refers to tm_stm32f4_delay.o(.text) for TM_DELAY_Init
    main.o(.text) refers to tm_stm32f4_disco.o(.text) for TM_DISCO_LedInit
    main.o(.text) refers to tm_stm32f4_usart.o(.text) for TM_USART_Init
    main.o(.text) refers to tm_stm32f4_pwm.o(.text) for TM_PWM_InitTimer
    main.o(.text) refers to tm_stm32f4_onewire.o(.text) for TM_OneWire_Init
[...]
    ../clib/signal.s                         0x00000000   Number         0  defsig.o ABSOLUTE
    ../clib/stdlib.c                         0x00000000   Number         0  exit.o ABSOLUTE
    ../fplib/dcmpi.s                         0x00000000   Number         0  dcmpi.o ABSOLUTE
    ../fplib/ddiv.s                          0x00000000   Number         0  ddiv.o ABSOLUTE
    ../fplib/deqf.s                          0x00000000   Number         0  deqf.o ABSOLUTE
    ../fplib/dfixu.s                         0x00000000   Number         0  dfixu.o ABSOLUTE
    ../fplib/dflt.s                          0x00000000   Number         0  dflt_clz.o ABSOLUTE
    ../fplib/dleqf.s                         0x00000000   Number         0  dleqf.o ABSOLUTE
    ../fplib/dnaninf.s                       0x00000000   Number         0  dnaninf.o ABSOLUTE
    ../fplib/dretinf.s                       0x00000000   Number         0  dretinf.o ABSOLUTE
    ../fplib/f2d.s                           0x00000000   Number         0  f2d.o ABSOLUTE
    ../fplib/fnaninf.s                       0x00000000   Number         0  fnaninf.o ABSOLUTE
    ../fplib/fpinit.s                        0x00000000   Number         0  fpinit.o ABSOLUTE
    ../fplib/istatus.s                       0x00000000   Number         0  istatus.o ABSOLUTE
    ../fplib/printf1.s                       0x00000000   Number         0  printf1.o ABSOLUTE
    ../fplib/usenofp.s                       0x00000000   Number         0  usenofp.o ABSOLUTE
    ../mathlib/fpclassify.c                  0x00000000   Number         0  fpclassify.o ABSOLUTE
    ..\00-STM32F429_LIBRARIES\tm_stm32f4_delay.c 0x00000000   Number         0  tm_stm32f4_delay.o ABSOLUTE
    ..\00-STM32F429_LIBRARIES\tm_stm32f4_disco.c 0x00000000   Number         0  tm_stm32f4_disco.o ABSOLUTE
    ..\00-STM32F429_LIBRARIES\tm_stm32f4_ds18b20.c 0x00000000   Number         0  tm_stm32f4_ds18b20.o ABSOLUTE
    ..\00-STM32F429_LIBRARIES\tm_stm32f4_onewire.c 0x00000000   Number         0  tm_stm32f4_onewire.o ABSOLUTE
    ..\00-STM32F429_LIBRARIES\tm_stm32f4_pwm.c 0x00000000   Number         0  tm_stm32f4_pwm.o ABSOLUTE
    ..\00-STM32F429_LIBRARIES\tm_stm32f4_timer_properties.c 0x00000000   Number         0  tm_stm32f4_timer_properties.o ABSOLUTE
    ..\00-STM32F429_LIBRARIES\tm_stm32f4_usart.c 0x00000000   Number         0  tm_stm32f4_usart.o ABSOLUTE
    ..\00-STM32F4xx_STANDARD_PERIPHERAL_DRIVERS\CMSIS\DSP_Lib\Source\ControllerFunctions\arm_pid_init_f32.c 0x00000000   Number         0  arm_pid_init_f32.o ABSOLUTE
    ..\00-STM32F4xx_STANDARD_PERIPHERAL_DRIVERS\CMSIS\DSP_Lib\Source\ControllerFunctions\arm_pid_reset_f32.c 0x00000000   Number         0  arm_pid_reset_f32.o ABSOLUTE
    ..\00-STM32F4xx_STANDARD_PERIPHERAL_DRIVERS\CMSIS\Device\ST\STM32F4xx\Source\Templates\arm\startup_stm32f401xx.s 0x00000000   Number         0  startup_stm32f401xx.o ABSOLUTE
    ..\00-STM32F4xx_STANDARD_PERIPHERAL_DRIVERS\STM32F4xx_StdPeriph_Driver\src\misc.c 0x00000000   Number         0  misc.o ABSOLUTE
    ..\00-STM32F4xx_STANDARD_PERIPHERAL_DRIVERS\STM32F4xx_StdPeriph_Driver\src\stm32f4xx_gpio.c 0x00000000   Number         0  stm32f4xx_gpio.o ABSOLUTE
    ..\00-STM32F4xx_STANDARD_PERIPHERAL_DRIVERS\STM32F4xx_StdPeriph_Driver\src\stm32f4xx_rcc.c 0x00000000   Number         0  stm32f4xx_rcc.o ABSOLUTE
    ..\00-STM32F4xx_STANDARD_PERIPHERAL_DRIVERS\STM32F4xx_StdPeriph_Driver\src\stm32f4xx_tim.c 0x00000000   Number         0  stm32f4xx_tim.o ABSOLUTE
    ..\00-STM32F4xx_STANDARD_PERIPHERAL_DRIVERS\STM32F4xx_StdPeriph_Driver\src\stm32f4xx_usart.c 0x00000000   Number         0  stm32f4xx_usart.o ABSOLUTE
    ..\\00-STM32F429_LIBRARIES\\tm_stm32f4_delay.c 0x00000000   Number         0  tm_stm32f4_delay.o ABSOLUTE
    ..\\00-STM32F429_LIBRARIES\\tm_stm32f4_disco.c 0x00000000   Number         0  tm_stm32f4_disco.o ABSOLUTE
    ..\\00-STM32F429_LIBRARIES\\tm_stm32f4_ds18b20.c 0x00000000   Number         0  tm_stm32f4_ds18b20.o ABSOLUTE
    ..\\00-STM32F429_LIBRARIES\\tm_stm32f4_onewire.c 0x00000000   Number         0  tm_stm32f4_onewire.o ABSOLUTE
    ..\\00-STM32F429_LIBRARIES\\tm_stm32f4_pwm.c 0x00000000   Number         0  tm_stm32f4_pwm.o ABSOLUTE
    ..\\00-STM32F429_LIBRARIES\\tm_stm32f4_timer_properties.c 0x00000000   Number         0  tm_stm32f4_timer_properties.o ABSOLUTE
    ..\\00-STM32F429_LIBRARIES\\tm_stm32f4_usart.c 0x00000000   Number         0  tm_stm32f4_usart.o ABSOLUTE
    ..\\00-STM32F4xx_STANDARD_PERIPHERAL_DRIVERS\\CMSIS\\DSP_Lib\\Source\\ControllerFunctions\\arm_pid_init_f32.c 0x00000000   Number         0  arm_pid_init_f32.o ABSOLUTE
    ..\\00-STM32F4xx_STANDARD_PERIPHERAL_DRIVERS\\CMSIS\\DSP_Lib\\Source\\ControllerFunctions\\arm_pid_reset_f32.c 0x00000000   Number         0  arm_pid_reset_f32.o ABSOLUTE
    ..\\00-STM32F4xx_STANDARD_PERIPHERAL_DRIVERS\\STM32F4xx_StdPeriph_Driver\\src\\misc.c 0x00000000   Number         0  misc.o ABSOLUTE
    ..\\00-STM32F4xx_STANDARD_PERIPHERAL_DRIVERS\\STM32F4xx_StdPeriph_Driver\\src\\stm32f4xx_gpio.c 0x00000000   Number         0  stm32f4xx_gpio.o ABSOLUTE
    ..\\00-STM32F4xx_STANDARD_PERIPHERAL_DRIVERS\\STM32F4xx_StdPeriph_Driver\\src\\stm32f4xx_rcc.c 0x00000000   Number         0  stm32f4xx_rcc.o ABSOLUTE
    ..\\00-STM32F4xx_STANDARD_PERIPHERAL_DRIVERS\\STM32F4xx_StdPeriph_Driver\\src\\stm32f4xx_tim.c 0x00000000   Number         0  stm32f4xx_tim.o ABSOLUTE
    ..\\00-STM32F4xx_STANDARD_PERIPHERAL_DRIVERS\\STM32F4xx_StdPeriph_Driver\\src\\stm32f4xx_usart.c 0x00000000   Number         0  stm32f4xx_usart.o ABSOLUTE
    User\\main.c                             0x00000000   Number         0  main.o ABSOLUTE
    User\\stm32f4xx_it.c                     0x00000000   Number         0  stm32f4xx_it.o ABSOLUTE
    User\\system_stm32f4xx.c                 0x00000000   Number         0  system_stm32f4xx.o ABSOLUTE
    User\main.c                              0x00000000   Number         0  main.o ABSOLUTE
    User\stm32f4xx_it.c                      0x00000000   Number         0  stm32f4xx_it.o ABSOLUTE
    User\system_stm32f4xx.c                  0x00000000   Number         0  system_stm32f4xx.o ABSOLUTE
    dc.s                                     0x00000000   Number         0  dc.o ABSOLUTE
    RESET                                    0x08000000   Section      404  startup_stm32f401xx.o(RESET)
    !!!main                                  0x08000194   Section        8  __main.o(!!!main)
    !!!scatter                               0x0800019c   Section       52  __scatter.o(!!!scatter)
    !!handler_copy                           0x080001d0   Section       26  __scatter_copy.o(!!handler_copy)
    !!handler_zi                             0x080001ec   Section       28  __scatter_zi.o(!!handler_zi)
    .ARM.Collect$$_printf_percent$$00000000  0x08000208   Section        0  _printf_percent.o(.ARM.Collect$$_printf_percent$$00000000)
    .ARM.Collect$$_printf_percent$$00000003  0x08000208   Section        6  _printf_f.o(.ARM.Collect$$_printf_percent$$00000003)
    .ARM.Collect$$_printf_percent$$00000017  0x0800020e   Section        4  _printf_percent_end.o(.ARM.Collect$$_printf_percent$$00000017)
    .ARM.Collect$$libinit$$00000000          0x08000212   Section        2  libinit.o(.ARM.Collect$$libinit$$00000000)
    .ARM.Collect$$libinit$$00000001          0x08000214   Section        4  libinit2.o(.ARM.Collect$$libinit$$00000001)
    .ARM.Collect$$libinit$$00000004          0x08000218   Section        0  libinit2.o(.ARM.Collect$$libinit$$00000004)
    .ARM.Collect$$libinit$$0000000A          0x08000218   Section        0  libinit2.o(.ARM.Collect$$libinit$$0000000A)
    .ARM.Collect$$libinit$$0000000C          0x08000218   Section        0  libinit2.o(.ARM.Collect$$libinit$$0000000C)
    .ARM.Collect$$libinit$$0000000E          0x08000218   Section        0  libinit2.o(.ARM.Collect$$libinit$$0000000E)
    .ARM.Collect$$libinit$$0000000F          0x08000218   Section        6  libinit2.o(.ARM.Collect$$libinit$$0000000F)
    .ARM.Collect$$libinit$$00000011          0x0800021e   Section        0  libinit2.o(.ARM.Collect$$libinit$$00000011)
    .ARM.Collect$$libinit$$00000013          0x0800021e   Section        0  libinit2.o(.ARM.Collect$$libinit$$00000013)
    .ARM.Collect$$libinit$$00000015          0x0800021e   Section        0  libinit2.o(.ARM.Collect$$libinit$$00000015)
    .ARM.Collect$$libinit$$00000016          0x0800021e   Section       10  libinit2.o(.ARM.Collect$$libinit$$00000016)
    .ARM.Collect$$libinit$$00000017          0x08000228   Section        0  libinit2.o(.ARM.Collect$$libinit$$00000017)
    .ARM.Collect$$libinit$$00000019          0x08000228   Section        0  libinit2.o(.ARM.Collect$$libinit$$00000019)
    .ARM.Collect$$libinit$$0000001B          0x08000228   Section        0  libinit2.o(.ARM.Collect$$libinit$$0000001B)
    .ARM.Collect$$libinit$$0000001D          0x08000228   Section        0  libinit2.o(.ARM.Collect$$libinit$$0000001D)
    .ARM.Collect$$libinit$$0000001F          0x08000228   Section        0  libinit2.o(.ARM.Collect$$libinit$$0000001F)
    .ARM.Collect$$libinit$$00000021          0x08000228   Section        0  libinit2.o(.ARM.Collect$$libinit$$00000021)
    .ARM.Collect$$libinit$$00000023          0x08000228   Section        0  libinit2.o(.ARM.Collect$$libinit$$00000023)
    .ARM.Collect$$libinit$$00000025          0x08000228   Section        0  libinit2.o(.ARM.Collect$$libinit$$00000025)
    .ARM.Collect$$libinit$$0000002C          0x08000228   Section        0  libinit2.o(.ARM.Collect$$libinit$$0000002C)
    .ARM.Collect$$libinit$$0000002E          0x08000228   Section        0  libinit2.o(.ARM.Collect$$libinit$$0000002E)
    .ARM.Collect$$libinit$$00000030          0x08000228   Section        0  libinit2.o(.ARM.Collect$$libinit$$00000030)
    .ARM.Collect$$libinit$$00000032          0x08000228   Section        0  libinit2.o(.ARM.Collect$$libinit$$00000032)
    .ARM.Collect$$libinit$$00000033          0x08000228   Section        2  libinit2.o(.ARM.Collect$$libinit$$00000033)
    .ARM.Collect$$libshutdown$$00000000      0x0800022a   Section        2  libshutdown.o(.ARM.Collect$$libshutdown$$00000000)
    .ARM.Collect$$libshutdown$$00000003      0x0800022c   Section        0  libshutdown2.o(.ARM.Collect$$libshutdown$$00000003)
    .ARM.Collect$$libshutdown$$00000006      0x0800022c   Section        0  libshutdown2.o(.ARM.Collect$$libshutdown$$00000006)
    .ARM.Collect$$libshutdown$$00000009      0x0800022c   Section        0  libshutdown2.o(.ARM.Collect$$libshutdown$$00000009)
    .ARM.Collect$$libshutdown$$0000000B      0x0800022c   Section        0  libshutdown2.o(.ARM.Collect$$libshutdown$$0000000B)
    .ARM.Collect$$libshutdown$$0000000E      0x0800022c   Section        0  libshutdown2.o(.ARM.Collect$$libshutdown$$0000000E)
    .ARM.Collect$$libshutdown$$0000000F      0x0800022c   Section        2  libshutdown2.o(.ARM.Collect$$libshutdown$$0000000F)
    .ARM.Collect$$rtentry$$00000000          0x0800022e   Section        0  __rtentry.o(.ARM.Collect$$rtentry$$00000000)
    .ARM.Collect$$rtentry$$00000002          0x0800022e   Section        0  __rtentry2.o(.ARM.Collect$$rtentry$$00000002)
    .ARM.Collect$$rtentry$$00000004          0x0800022e   Section        6  __rtentry4.o(.ARM.Collect$$rtentry$$00000004)
    .ARM.Collect$$rtentry$$00000009          0x08000234   Section        0  __rtentry2.o(.ARM.Collect$$rtentry$$00000009)
    .ARM.Collect$$rtentry$$0000000A          0x08000234   Section        4  __rtentry2.o(.ARM.Collect$$rtentry$$0000000A)
    .ARM.Collect$$rtentry$$0000000C          0x08000238   Section        0  __rtentry2.o(.ARM.Collect$$rtentry$$0000000C)
    .ARM.Collect$$rtentry$$0000000D          0x08000238   Section        8  __rtentry2.o(.ARM.Collect$$rtentry$$0000000D)
    .ARM.Collect$$rtexit$$00000000           0x08000240   Section        2  rtexit.o(.ARM.Collect$$rtexit$$00000000)
    .ARM.Collect$$rtexit$$00000002           0x08000242   Section        0  rtexit2.o(.ARM.Collect$$rtexit$$00000002)
    .ARM.Collect$$rtexit$$00000003           0x08000242   Section        4  rtexit2.o(.ARM.Collect$$rtexit$$00000003)
    .ARM.Collect$$rtexit$$00000004           0x08000246   Section        6  rtexit2.o(.ARM.Collect$$rtexit$$00000004)
    .text                                    0x0800024c   Section       64  startup_stm32f401xx.o(.text)
    $v0                                      0x0800024c   Number         0  startup_stm32f401xx.o(.text)
    .text                                    0x0800028c   Section        0  misc.o(.text)
    .text                                    0x0800033c   Section        0  stm32f4xx_rcc.o(.text)
    .text                                    0x080007bc   Section        0  stm32f4xx_gpio.o(.text)
    .text                                    0x080009c8   Section        0  stm32f4xx_usart.o(.text)
    .text                                    0x08000d20   Section        0  stm32f4xx_tim.o(.text)
    TI2_Config                               0x0800136b   Thumb Code    54  stm32f4xx_tim.o(.text)
    TI1_Config                               0x080016cf   Thumb Code    46  stm32f4xx_tim.o(.text)
    .text                                    0x080016fc   Section        0  tm_stm32f4_delay.o(.text)
    .text                                    0x080017d8   Section        0  tm_stm32f4_disco.o(.text)
    .text                                    0x08001884   Section        0  tm_stm32f4_ds18b20.o(.text)
    .text                                    0x08001bfc   Section        0  tm_stm32f4_onewire.o(.text)
    .text                                    0x08001f44   Section        0  tm_stm32f4_pwm.o(.text)
    .text                                    0x08002bb8   Section        0  tm_stm32f4_timer_properties.o(.text)
    .text                                    0x08002e94   Section        0  tm_stm32f4_usart.o(.text)
    .text                                    0x08003378   Section        0  main.o(.text)
    .text                                    0x08003574   Section        0  stm32f4xx_it.o(.text)
    .text                                    0x08003590   Section        0  system_stm32f4xx.o(.text)
    SetSysClock                              0x08003647   Thumb Code   158  system_stm32f4xx.o(.text)
    .text                                    0x08003708   Section        0  arm_pid_init_f32.o(.text)
    .text                                    0x08003740   Section        0  noretval__2sprintf.o(.text)
    .text                                    0x08003768   Section        0  _printf_pad.o(.text)
    .text                                    0x080037b6   Section        0  __printf_wp.o(.text)
    .text                                    0x080038c4   Section        0  heapauxi.o(.text)
    .text                                    0x080038ca   Section        0  _printf_fp_dec.o(.text)
    _fp_digits                               0x080038cd   Thumb Code   428  _printf_fp_dec.o(.text)
    .text                                    0x08003ce4   Section        0  _printf_char_common.o(.text)
    _printf_input_char                       0x08003ce5   Thumb Code    10  _printf_char_common.o(.text)
    .text                                    0x08003d14   Section        0  _sputc.o(.text)
    .text                                    0x08003d20   Section        8  rt_locale_intlibspace.o(.text)
    .text                                    0x08003d28   Section      138  lludiv10.o(.text)
    .text                                    0x08003db4   Section        0  _printf_fp_infnan.o(.text)
    .text                                    0x08003e34   Section        0  bigflt0.o(.text)
    .text                                    0x08003f10   Section        8  libspace.o(.text)
    .text                                    0x08003f18   Section       74  sys_stackheap_outer.o(.text)
    .text                                    0x08003f62   Section        0  exit.o(.text)
    .text                                    0x08003f70   Section      128  strcmpv7m.o(.text)
    .text                                    0x08003ff0   Section        0  sys_exit.o(.text)
    .text                                    0x08003ffc   Section        2  use_no_semi.o(.text)
    .text                                    0x08003ffe   Section        0  indicate_semi.o(.text)
    CL$$btod_d2e                             0x08003ffe   Section       62  btod.o(CL$$btod_d2e)
    CL$$btod_d2e_denorm_low                  0x0800403c   Section       70  btod.o(CL$$btod_d2e_denorm_low)
    CL$$btod_d2e_norm_op1                    0x08004082   Section       96  btod.o(CL$$btod_d2e_norm_op1)
    CL$$btod_div_common                      0x080040e2   Section      824  btod.o(CL$$btod_div_common)
    CL$$btod_e2e                             0x0800441a   Section      198  btod.o(CL$$btod_e2e)
    CL$$btod_ediv                            0x080044e0   Section       40  btod.o(CL$$btod_ediv)
    CL$$btod_emul                            0x08004508   Section       40  btod.o(CL$$btod_emul)
    CL$$btod_mult_common                     0x08004530   Section      580  btod.o(CL$$btod_mult_common)
    i.__ARM_fpclassify                       0x08004774   Section        0  fpclassify.o(i.__ARM_fpclassify)
    i._is_digit                              0x080047a4   Section        0  __printf_wp.o(i._is_digit)
    locale$$code                             0x080047b4   Section       44  lc_numeric_c.o(locale$$code)
    x$fpl$dcmpinf                            0x080047e0   Section       24  dcmpi.o(x$fpl$dcmpinf)
    $v0                                      0x080047e0   Number         0  dcmpi.o(x$fpl$dcmpinf)
    x$fpl$ddiv                               0x080047f8   Section      688  ddiv.o(x$fpl$ddiv)
    $v0                                      0x080047f8   Number         0  ddiv.o(x$fpl$ddiv)
    ddiv_entry                               0x080047ff   Thumb Code     0  ddiv.o(x$fpl$ddiv)
    x$fpl$deqf                               0x08004aa8   Section      120  deqf.o(x$fpl$deqf)
    $v0                                      0x08004aa8   Number         0  deqf.o(x$fpl$deqf)
    x$fpl$dfixu                              0x08004b20   Section       90  dfixu.o(x$fpl$dfixu)
    $v0                                      0x08004b20   Number         0  dfixu.o(x$fpl$dfixu)
    x$fpl$dfltu                              0x08004b7a   Section       38  dflt_clz.o(x$fpl$dfltu)
    $v0                                      0x08004b7a   Number         0  dflt_clz.o(x$fpl$dfltu)
    x$fpl$dleqf                              0x08004ba0   Section      120  dleqf.o(x$fpl$dleqf)
    $v0                                      0x08004ba0   Number         0  dleqf.o(x$fpl$dleqf)
    x$fpl$dnaninf                            0x08004c18   Section      156  dnaninf.o(x$fpl$dnaninf)
    $v0                                      0x08004c18   Number         0  dnaninf.o(x$fpl$dnaninf)
    x$fpl$dretinf                            0x08004cb4   Section       12  dretinf.o(x$fpl$dretinf)
    $v0                                      0x08004cb4   Number         0  dretinf.o(x$fpl$dretinf)
    x$fpl$f2d                                0x08004cc0   Section       86  f2d.o(x$fpl$f2d)
    $v0                                      0x08004cc0   Number         0  f2d.o(x$fpl$f2d)
    x$fpl$fnaninf                            0x08004d16   Section      140  fnaninf.o(x$fpl$fnaninf)
    $v0                                      0x08004d16   Number         0  fnaninf.o(x$fpl$fnaninf)
    x$fpl$fpinit                             0x08004da2   Section       10  fpinit.o(x$fpl$fpinit)
    $v0                                      0x08004da2   Number         0  fpinit.o(x$fpl$fpinit)
    x$fpl$printf1                            0x08004dac   Section        4  printf1.o(x$fpl$printf1)
    $v0                                      0x08004dac   Number         0  printf1.o(x$fpl$printf1)
    .constdata                               0x08004db0   Section      148  bigflt0.o(.constdata)
    x$fpl$usenofp                            0x08004db0   Section        0  usenofp.o(x$fpl$usenofp)
    tenpwrs_x                                0x08004db0   Data          60  bigflt0.o(.constdata)
    tenpwrs_i                                0x08004dec   Data          64  bigflt0.o(.constdata)
    .conststring                             0x08004e44   Section       87  main.o(.conststring)
    locale$$data                             0x08004ebc   Section       28  lc_numeric_c.o(locale$$data)
    __lcnum_c_name                           0x08004ec0   Data           2  lc_numeric_c.o(locale$$data)
    __lcnum_c_start                          0x08004ec8   Data           0  lc_numeric_c.o(locale$$data)
    __lcnum_c_point                          0x08004ed4   Data           0  lc_numeric_c.o(locale$$data)
    __lcnum_c_thousands                      0x08004ed6   Data           0  lc_numeric_c.o(locale$$data)
    __lcnum_c_grouping                       0x08004ed7   Data           0  lc_numeric_c.o(locale$$data)
    __lcnum_c_end                            0x08004ed8   Data           0  lc_numeric_c.o(locale$$data)
    .data                                    0x20000000   Section       16  stm32f4xx_rcc.o(.data)
    APBAHBPrescTable                         0x20000000   Data          16  stm32f4xx_rcc.o(.data)
    .data                                    0x20000010   Section       16  tm_stm32f4_delay.o(.data)
    TM_TimingDelay                           0x20000014   Data           4  tm_stm32f4_delay.o(.data)
    TM_Time                                  0x20000018   Data           4  tm_stm32f4_delay.o(.data)
    TM_Time2                                 0x2000001c   Data           4  tm_stm32f4_delay.o(.data)
    .data                                    0x20000020   Section       20  tm_stm32f4_onewire.o(.data)
    .data                                    0x20000034   Section       20  system_stm32f4xx.o(.data)
    .bss                                     0x20000048   Section      304  tm_stm32f4_usart.o(.bss)
    .bss                                     0x20000178   Section       96  libspace.o(.bss)
    HEAP                                     0x200001d8   Section      512  startup_stm32f401xx.o(HEAP)
    Heap_Mem                                 0x200001d8   Data         512  startup_stm32f401xx.o(HEAP)
    STACK                                    0x200003d8   Section     1024  startup_stm32f401xx.o(STACK)
    Stack_Mem                                0x200003d8   Data        1024  startup_stm32f401xx.o(STACK)
    __initial_sp                             0x200007d8   Data           0  startup_stm32f401xx.o(STACK)

    Global Symbols

    Symbol Name                              Value     Ov Type        Size  Object(Section)

    BuildAttributes$$THM_ISAv4$E$P$D$K$B$S$7EM$VFPi3$EXTD16$VFPS$VFMA$PE$A:L22UL41UL21$X:L11$S22US41US21$IEEE1$IW$USESV6$~STKCKD$USESV7$~SHL$OTIME$ROPI$IEEEJ$EBA8$UX$STANDARDLIB$REQ8$PRES8$EABIv2 0x00000000   Number         0  anon$$obj.o ABSOLUTE
    __ARM_use_no_argv                        0x00000000   Number         0  main.o ABSOLUTE
    _printf_flags                            0x00000000   Number         0  printf_stubs.o ABSOLUTE
    _printf_return_value                     0x00000000   Number         0  printf_stubs.o ABSOLUTE
    _printf_sizespec                         0x00000000   Number         0  printf_stubs.o ABSOLUTE
    _printf_widthprec                        0x00000000   Number         0  printf_stubs.o ABSOLUTE
    __ARM_exceptions_init                     - Undefined Weak Reference
    __alloca_initialize                       - Undefined Weak Reference
    __arm_preinit_                            - Undefined Weak Reference
    __cpp_initialize__aeabi_                  - Undefined Weak Reference
    __cxa_finalize                            - Undefined Weak Reference
    __sigvec_lookup                           - Undefined Weak Reference
    _atexit_init                              - Undefined Weak Reference
    _call_atexit_fns                          - Undefined Weak Reference
    _clock_init                               - Undefined Weak Reference
    _fp_trap_init                             - Undefined Weak Reference
    _fp_trap_shutdown                         - Undefined Weak Reference
    _get_lc_collate                           - Undefined Weak Reference
    _get_lc_ctype                             - Undefined Weak Reference
    _get_lc_monetary                          - Undefined Weak Reference
    _get_lc_time                              - Undefined Weak Reference
    _getenv_init                              - Undefined Weak Reference
    _handle_redirection                       - Undefined Weak Reference
    _init_alloc                               - Undefined Weak Reference
    _init_user_alloc                          - Undefined Weak Reference
    _initio                                   - Undefined Weak Reference
    _rand_init                                - Undefined Weak Reference
    _signal_finish                            - Undefined Weak Reference
    _signal_init                              - Undefined Weak Reference
    _terminate_alloc                          - Undefined Weak Reference
    _terminate_user_alloc                     - Undefined Weak Reference
    _terminateio                              - Undefined Weak Reference
    __Vectors_Size                           0x00000194   Number         0  startup_stm32f401xx.o ABSOLUTE
    __Vectors                                0x08000000   Data           4  startup_stm32f401xx.o(RESET)
    __Vectors_End                            0x08000194   Data           0  startup_stm32f401xx.o(RESET)
    __main                                   0x08000195   Thumb Code     8  __main.o(!!!main)
    __scatterload                            0x0800019d   Thumb Code     0  __scatter.o(!!!scatter)
    __scatterload_rt2                        0x0800019d   Thumb Code    44  __scatter.o(!!!scatter)
    __scatterload_rt2_thumb_only             0x0800019d   Thumb Code     0  __scatter.o(!!!scatter)
    __scatterload_null                       0x080001ab   Thumb Code     0  __scatter.o(!!!scatter)
    __scatterload_copy                       0x080001d1   Thumb Code    26  __scatter_copy.o(!!handler_copy)
    __scatterload_zeroinit                   0x080001ed   Thumb Code    28  __scatter_zi.o(!!handler_zi)
    _printf_f                                0x08000209   Thumb Code     0  _printf_f.o(.ARM.Collect$$_printf_percent$$00000003)
    _printf_percent                          0x08000209   Thumb Code     0  _printf_percent.o(.ARM.Collect$$_printf_percent$$00000000)
    _printf_percent_end                      0x0800020f   Thumb Code     0  _printf_percent_end.o(.ARM.Collect$$_printf_percent$$00000017)
    __rt_lib_init                            0x08000213   Thumb Code     0  libinit.o(.ARM.Collect$$libinit$$00000000)
    __rt_lib_init_fp_1                       0x08000215   Thumb Code     0  libinit2.o(.ARM.Collect$$libinit$$00000001)
    __rt_lib_init_heap_1                     0x08000219   Thumb Code     0  libinit2.o(.ARM.Collect$$libinit$$0000000A)
    __rt_lib_init_lc_common                  0x08000219   Thumb Code     0  libinit2.o(.ARM.Collect$$libinit$$0000000F)
    __rt_lib_init_preinit_1                  0x08000219   Thumb Code     0  libinit2.o(.ARM.Collect$$libinit$$00000004)
    __rt_lib_init_rand_1                     0x08000219   Thumb Code     0  libinit2.o(.ARM.Collect$$libinit$$0000000E)
    __rt_lib_init_user_alloc_1               0x08000219   Thumb Code     0  libinit2.o(.ARM.Collect$$libinit$$0000000C)
    __rt_lib_init_lc_collate_1               0x0800021f   Thumb Code     0  libinit2.o(.ARM.Collect$$libinit$$00000011)
    __rt_lib_init_lc_ctype_1                 0x0800021f   Thumb Code     0  libinit2.o(.ARM.Collect$$libinit$$00000013)
    __rt_lib_init_lc_monetary_1              0x0800021f   Thumb Code     0  libinit2.o(.ARM.Collect$$libinit$$00000015)
    __rt_lib_init_lc_numeric_2               0x0800021f   Thumb Code     0  libinit2.o(.ARM.Collect$$libinit$$00000016)
    __rt_lib_init_alloca_1                   0x08000229   Thumb Code     0  libinit2.o(.ARM.Collect$$libinit$$0000002E)
    __rt_lib_init_argv_1                     0x08000229   Thumb Code     0  libinit2.o(.ARM.Collect$$libinit$$0000002C)
    __rt_lib_init_atexit_1                   0x08000229   Thumb Code     0  libinit2.o(.ARM.Collect$$libinit$$0000001B)
    __rt_lib_init_clock_1                    0x08000229   Thumb Code     0  libinit2.o(.ARM.Collect$$libinit$$00000021)
    __rt_lib_init_cpp_1                      0x08000229   Thumb Code     0  libinit2.o(.ARM.Collect$$libinit$$00000032)
    __rt_lib_init_exceptions_1               0x08000229   Thumb Code     0  libinit2.o(.ARM.Collect$$libinit$$00000030)
    __rt_lib_init_fp_trap_1                  0x08000229   Thumb Code     0  libinit2.o(.ARM.Collect$$libinit$$0000001F)
    __rt_lib_init_getenv_1                   0x08000229   Thumb Code     0  libinit2.o(.ARM.Collect$$libinit$$00000023)
    __rt_lib_init_lc_numeric_1               0x08000229   Thumb Code     0  libinit2.o(.ARM.Collect$$libinit$$00000017)
    __rt_lib_init_lc_time_1                  0x08000229   Thumb Code     0  libinit2.o(.ARM.Collect$$libinit$$00000019)
    __rt_lib_init_return                     0x08000229   Thumb Code     0  libinit2.o(.ARM.Collect$$libinit$$00000033)
    __rt_lib_init_signal_1                   0x08000229   Thumb Code     0  libinit2.o(.ARM.Collect$$libinit$$0000001D)
    __rt_lib_init_stdio_1                    0x08000229   Thumb Code     0  libinit2.o(.ARM.Collect$$libinit$$00000025)
    __rt_lib_shutdown                        0x0800022b   Thumb Code     0  libshutdown.o(.ARM.Collect$$libshutdown$$00000000)
    __rt_lib_shutdown_fp_trap_1              0x0800022d   Thumb Code     0  libshutdown2.o(.ARM.Collect$$libshutdown$$00000006)
    __rt_lib_shutdown_heap_1                 0x0800022d   Thumb Code     0  libshutdown2.o(.ARM.Collect$$libshutdown$$0000000E)
    __rt_lib_shutdown_return                 0x0800022d   Thumb Code     0  libshutdown2.o(.ARM.Collect$$libshutdown$$0000000F)
    __rt_lib_shutdown_signal_1               0x0800022d   Thumb Code     0  libshutdown2.o(.ARM.Collect$$libshutdown$$00000009)
    __rt_lib_shutdown_stdio_1                0x0800022d   Thumb Code     0  libshutdown2.o(.ARM.Collect$$libshutdown$$00000003)
    __rt_lib_shutdown_user_alloc_1           0x0800022d   Thumb Code     0  libshutdown2.o(.ARM.Collect$$libshutdown$$0000000B)
    __rt_entry                               0x0800022f   Thumb Code     0  __rtentry.o(.ARM.Collect$$rtentry$$00000000)
    __rt_entry_presh_1                       0x0800022f   Thumb Code     0  __rtentry2.o(.ARM.Collect$$rtentry$$00000002)
    __rt_entry_sh                            0x0800022f   Thumb Code     0  __rtentry4.o(.ARM.Collect$$rtentry$$00000004)
    __rt_entry_li                            0x08000235   Thumb Code     0  __rtentry2.o(.ARM.Collect$$rtentry$$0000000A)
    __rt_entry_postsh_1                      0x08000235   Thumb Code     0  __rtentry2.o(.ARM.Collect$$rtentry$$00000009)
    __rt_entry_main                          0x08000239   Thumb Code     0  __rtentry2.o(.ARM.Collect$$rtentry$$0000000D)
    __rt_entry_postli_1                      0x08000239   Thumb Code     0  __rtentry2.o(.ARM.Collect$$rtentry$$0000000C)
    __rt_exit                                0x08000241   Thumb Code     0  rtexit.o(.ARM.Collect$$rtexit$$00000000)
    __rt_exit_ls                             0x08000243   Thumb Code     0  rtexit2.o(.ARM.Collect$$rtexit$$00000003)
    __rt_exit_prels_1                        0x08000243   Thumb Code     0  rtexit2.o(.ARM.Collect$$rtexit$$00000002)
    __rt_exit_exit                           0x08000247   Thumb Code     0  rtexit2.o(.ARM.Collect$$rtexit$$00000004)
    Reset_Handler                            0x0800024d   Thumb Code     8  startup_stm32f401xx.o(.text)
    ADC_IRQHandler                           0x08000267   Thumb Code     0  startup_stm32f401xx.o(.text)
    DMA1_Stream0_IRQHandler                  0x08000267   Thumb Code     0  startup_stm32f401xx.o(.text)
    DMA1_Stream1_IRQHandler                  0x08000267   Thumb Code     0  startup_stm32f401xx.o(.text)
    DMA1_Stream2_IRQHandler                  0x08000267   Thumb Code     0  startup_stm32f401xx.o(.text)
    DMA1_Stream3_IRQHandler                  0x08000267   Thumb Code     0  startup_stm32f401xx.o(.text)
    DMA1_Stream4_IRQHandler                  0x08000267   Thumb Code     0  startup_stm32f401xx.o(.text)
    DMA1_Stream5_IRQHandler                  0x08000267   Thumb Code     0  startup_stm32f401xx.o(.text)
    DMA1_Stream6_IRQHandler                  0x08000267   Thumb Code     0  startup_stm32f401xx.o(.text)
    DMA1_Stream7_IRQHandler                  0x08000267   Thumb Code     0  startup_stm32f401xx.o(.text)
    DMA2_Stream0_IRQHandler                  0x08000267   Thumb Code     0  startup_stm32f401xx.o(.text)
    DMA2_Stream1_IRQHandler                  0x08000267   Thumb Code     0  startup_stm32f401xx.o(.text)
    DMA2_Stream2_IRQHandler                  0x08000267   Thumb Code     0  startup_stm32f401xx.o(.text)
    DMA2_Stream3_IRQHandler                  0x08000267   Thumb Code     0  startup_stm32f401xx.o(.text)
    DMA2_Stream4_IRQHandler                  0x08000267   Thumb Code     0  startup_stm32f401xx.o(.text)
    DMA2_Stream5_IRQHandler                  0x08000267   Thumb Code     0  startup_stm32f401xx.o(.text)
    DMA2_Stream6_IRQHandler                  0x08000267   Thumb Code     0  startup_stm32f401xx.o(.text)
    DMA2_Stream7_IRQHandler                  0x08000267   Thumb Code     0  startup_stm32f401xx.o(.text)
    EXTI0_IRQHandler                         0x08000267   Thumb Code     0  startup_stm32f401xx.o(.text)
    EXTI15_10_IRQHandler                     0x08000267   Thumb Code     0  startup_stm32f401xx.o(.text)
    EXTI1_IRQHandler                         0x08000267   Thumb Code     0  startup_stm32f401xx.o(.text)
    EXTI2_IRQHandler                         0x08000267   Thumb Code     0  startup_stm32f401xx.o(.text)
    EXTI3_IRQHandler                         0x08000267   Thumb Code     0  startup_stm32f401xx.o(.text)
    EXTI4_IRQHandler                         0x08000267   Thumb Code     0  startup_stm32f401xx.o(.text)
    EXTI9_5_IRQHandler                       0x08000267   Thumb Code     0  startup_stm32f401xx.o(.text)
    FLASH_IRQHandler                         0x08000267   Thumb Code     0  startup_stm32f401xx.o(.text)
    FPU_IRQHandler                           0x08000267   Thumb Code     0  startup_stm32f401xx.o(.text)
    I2C1_ER_IRQHandler                       0x08000267   Thumb Code     0  startup_stm32f401xx.o(.text)
    I2C1_EV_IRQHandler                       0x08000267   Thumb Code     0  startup_stm32f401xx.o(.text)
    I2C2_ER_IRQHandler                       0x08000267   Thumb Code     0  startup_stm32f401xx.o(.text)
    I2C2_EV_IRQHandler                       0x08000267   Thumb Code     0  startup_stm32f401xx.o(.text)
    I2C3_ER_IRQHandler                       0x08000267   Thumb Code     0  startup_stm32f401xx.o(.text)
    I2C3_EV_IRQHandler                       0x08000267   Thumb Code     0  startup_stm32f401xx.o(.text)
    OTG_FS_IRQHandler                        0x08000267   Thumb Code     0  startup_stm32f401xx.o(.text)
    OTG_FS_WKUP_IRQHandler                   0x08000267   Thumb Code     0  startup_stm32f401xx.o(.text)
    PVD_IRQHandler                           0x08000267   Thumb Code     0  startup_stm32f401xx.o(.text)
    RCC_IRQHandler                           0x08000267   Thumb Code     0  startup_stm32f401xx.o(.text)
    RTC_Alarm_IRQHandler                     0x08000267   Thumb Code     0  startup_stm32f401xx.o(.text)
    RTC_WKUP_IRQHandler                      0x08000267   Thumb Code     0  startup_stm32f401xx.o(.text)
    SDIO_IRQHandler                          0x08000267   Thumb Code     0  startup_stm32f401xx.o(.text)
    SPI1_IRQHandler                          0x08000267   Thumb Code     0  startup_stm32f401xx.o(.text)
    SPI2_IRQHandler                          0x08000267   Thumb Code     0  startup_stm32f401xx.o(.text)
    SPI3_IRQHandler                          0x08000267   Thumb Code     0  startup_stm32f401xx.o(.text)
    SPI4_IRQHandler                          0x08000267   Thumb Code     0  startup_stm32f401xx.o(.text)
    TAMP_STAMP_IRQHandler                    0x08000267   Thumb Code     0  startup_stm32f401xx.o(.text)
    TIM1_BRK_TIM9_IRQHandler                 0x08000267   Thumb Code     0  startup_stm32f401xx.o(.text)
    TIM1_CC_IRQHandler                       0x08000267   Thumb Code     0  startup_stm32f401xx.o(.text)
    TIM1_TRG_COM_TIM11_IRQHandler            0x08000267   Thumb Code     0  startup_stm32f401xx.o(.text)
    TIM1_UP_TIM10_IRQHandler                 0x08000267   Thumb Code     0  startup_stm32f401xx.o(.text)
    TIM2_IRQHandler                          0x08000267   Thumb Code     0  startup_stm32f401xx.o(.text)
    TIM3_IRQHandler                          0x08000267   Thumb Code     0  startup_stm32f401xx.o(.text)
    TIM4_IRQHandler                          0x08000267   Thumb Code     0  startup_stm32f401xx.o(.text)
    TIM5_IRQHandler                          0x08000267   Thumb Code     0  startup_stm32f401xx.o(.text)
    WWDG_IRQHandler                          0x08000267   Thumb Code     0  startup_stm32f401xx.o(.text)
    __user_initial_stackheap                 0x08000269   Thumb Code     0  startup_stm32f401xx.o(.text)
    NVIC_PriorityGroupConfig                 0x0800028d   Thumb Code    10  misc.o(.text)
    NVIC_Init                                0x08000297   Thumb Code    96  misc.o(.text)
    NVIC_SetVectorTable                      0x080002f7   Thumb Code    14  misc.o(.text)
    NVIC_SystemLPConfig                      0x08000305   Thumb Code    20  misc.o(.text)
    SysTick_CLKSourceConfig                  0x08000319   Thumb Code    24  misc.o(.text)
    RCC_DeInit                               0x0800033d   Thumb Code    68  stm32f4xx_rcc.o(.text)
    RCC_HSEConfig                            0x08000381   Thumb Code    12  stm32f4xx_rcc.o(.text)
    RCC_GetFlagStatus                        0x0800038d   Thumb Code    46  stm32f4xx_rcc.o(.text)
    RCC_WaitForHSEStartUp                    0x080003bb   Thumb Code    44  stm32f4xx_rcc.o(.text)
    RCC_AdjustHSICalibrationValue            0x080003e7   Thumb Code    16  stm32f4xx_rcc.o(.text)
    RCC_HSICmd                               0x080003f7   Thumb Code     6  stm32f4xx_rcc.o(.text)
    RCC_LSEConfig                            0x080003fd   Thumb Code    24  stm32f4xx_rcc.o(.text)
    RCC_LSICmd                               0x08000415   Thumb Code     6  stm32f4xx_rcc.o(.text)
    RCC_PLLConfig                            0x0800041b   Thumb Code    32  stm32f4xx_rcc.o(.text)
    RCC_PLLCmd                               0x0800043b   Thumb Code     6  stm32f4xx_rcc.o(.text)
    RCC_PLLI2SConfig                         0x08000441   Thumb Code    14  stm32f4xx_rcc.o(.text)
    RCC_PLLI2SCmd                            0x0800044f   Thumb Code     6  stm32f4xx_rcc.o(.text)
    RCC_PLLSAIConfig                         0x08000455   Thumb Code    18  stm32f4xx_rcc.o(.text)
    RCC_PLLSAICmd                            0x08000467   Thumb Code     6  stm32f4xx_rcc.o(.text)
    RCC_ClockSecuritySystemCmd               0x0800046d   Thumb Code     6  stm32f4xx_rcc.o(.text)
    RCC_MCO1Config                           0x08000473   Thumb Code    18  stm32f4xx_rcc.o(.text)
    RCC_MCO2Config                           0x08000485   Thumb Code    18  stm32f4xx_rcc.o(.text)
    RCC_SYSCLKConfig                         0x08000497   Thumb Code    16  stm32f4xx_rcc.o(.text)
    RCC_GetSYSCLKSource                      0x080004a7   Thumb Code    12  stm32f4xx_rcc.o(.text)
    RCC_HCLKConfig                           0x080004b3   Thumb Code    16  stm32f4xx_rcc.o(.text)
    RCC_PCLK1Config                          0x080004c3   Thumb Code    16  stm32f4xx_rcc.o(.text)
    RCC_PCLK2Config                          0x080004d3   Thumb Code    18  stm32f4xx_rcc.o(.text)
    RCC_GetClocksFreq                        0x080004e5   Thumb Code   134  stm32f4xx_rcc.o(.text)
    RCC_RTCCLKConfig                         0x0800056b   Thumb Code    42  stm32f4xx_rcc.o(.text)
    RCC_RTCCLKCmd                            0x08000595   Thumb Code     8  stm32f4xx_rcc.o(.text)
    RCC_BackupResetCmd                       0x0800059d   Thumb Code     8  stm32f4xx_rcc.o(.text)
    RCC_I2SCLKConfig                         0x080005a5   Thumb Code     8  stm32f4xx_rcc.o(.text)
    RCC_SAIPLLI2SClkDivConfig                0x080005ad   Thumb Code    18  stm32f4xx_rcc.o(.text)
    RCC_SAIPLLSAIClkDivConfig                0x080005bf   Thumb Code    24  stm32f4xx_rcc.o(.text)
    RCC_SAIBlockACLKConfig                   0x080005d7   Thumb Code    16  stm32f4xx_rcc.o(.text)
    RCC_SAIBlockBCLKConfig                   0x080005e7   Thumb Code    16  stm32f4xx_rcc.o(.text)
    RCC_LTDCCLKDivConfig                     0x080005f7   Thumb Code    16  stm32f4xx_rcc.o(.text)
    RCC_TIMCLKPresConfig                     0x08000607   Thumb Code     8  stm32f4xx_rcc.o(.text)
    RCC_AHB1PeriphClockCmd                   0x0800060f   Thumb Code    20  stm32f4xx_rcc.o(.text)
    RCC_AHB2PeriphClockCmd                   0x08000623   Thumb Code    20  stm32f4xx_rcc.o(.text)
    RCC_AHB3PeriphClockCmd                   0x08000637   Thumb Code    20  stm32f4xx_rcc.o(.text)
    RCC_APB1PeriphClockCmd                   0x0800064b   Thumb Code    20  stm32f4xx_rcc.o(.text)
    RCC_APB2PeriphClockCmd                   0x0800065f   Thumb Code    20  stm32f4xx_rcc.o(.text)
    RCC_AHB1PeriphResetCmd                   0x08000673   Thumb Code    20  stm32f4xx_rcc.o(.text)
    RCC_AHB2PeriphResetCmd                   0x08000687   Thumb Code    20  stm32f4xx_rcc.o(.text)
    RCC_AHB3PeriphResetCmd                   0x0800069b   Thumb Code    20  stm32f4xx_rcc.o(.text)
    RCC_APB1PeriphResetCmd                   0x080006af   Thumb Code    20  stm32f4xx_rcc.o(.text)
    RCC_APB2PeriphResetCmd                   0x080006c3   Thumb Code    20  stm32f4xx_rcc.o(.text)
    RCC_AHB1PeriphClockLPModeCmd             0x080006d7   Thumb Code    20  stm32f4xx_rcc.o(.text)
    RCC_AHB2PeriphClockLPModeCmd             0x080006eb   Thumb Code    20  stm32f4xx_rcc.o(.text)
    RCC_AHB3PeriphClockLPModeCmd             0x080006ff   Thumb Code    20  stm32f4xx_rcc.o(.text)
    RCC_APB1PeriphClockLPModeCmd             0x08000713   Thumb Code    64  stm32f4xx_rcc.o(.text)
    RCC_APB2PeriphClockLPModeCmd             0x08000753   Thumb Code    18  stm32f4xx_rcc.o(.text)
    RCC_LSEModeConfig                        0x08000765   Thumb Code    24  stm32f4xx_rcc.o(.text)
    RCC_ITConfig                             0x0800077d   Thumb Code    20  stm32f4xx_rcc.o(.text)
    RCC_ClearFlag                            0x08000791   Thumb Code    14  stm32f4xx_rcc.o(.text)
    RCC_GetITStatus                          0x0800079f   Thumb Code    18  stm32f4xx_rcc.o(.text)
    RCC_ClearITPendingBit                    0x080007b1   Thumb Code     8  stm32f4xx_rcc.o(.text)
    GPIO_DeInit                              0x080007bd   Thumb Code   216  stm32f4xx_gpio.o(.text)
    GPIO_Init                                0x08000895   Thumb Code   120  stm32f4xx_gpio.o(.text)
    GPIO_StructInit                          0x0800090d   Thumb Code    18  stm32f4xx_gpio.o(.text)
    GPIO_PinLockConfig                       0x0800091f   Thumb Code    24  stm32f4xx_gpio.o(.text)
    GPIO_ReadInputDataBit                    0x08000937   Thumb Code    14  stm32f4xx_gpio.o(.text)
    GPIO_ReadInputData                       0x08000945   Thumb Code     6  stm32f4xx_gpio.o(.text)
    GPIO_ReadOutputDataBit                   0x0800094b   Thumb Code    14  stm32f4xx_gpio.o(.text)
    GPIO_ReadOutputData                      0x08000959   Thumb Code     6  stm32f4xx_gpio.o(.text)
    GPIO_SetBits                             0x0800095f   Thumb Code     4  stm32f4xx_gpio.o(.text)
    GPIO_ResetBits                           0x08000963   Thumb Code     4  stm32f4xx_gpio.o(.text)
    GPIO_WriteBit                            0x08000967   Thumb Code    10  stm32f4xx_gpio.o(.text)
    GPIO_Write                               0x08000971   Thumb Code     4  stm32f4xx_gpio.o(.text)
    GPIO_ToggleBits                          0x08000975   Thumb Code     8  stm32f4xx_gpio.o(.text)
    GPIO_PinAFConfig                         0x0800097d   Thumb Code    32  stm32f4xx_gpio.o(.text)
    USART_DeInit                             0x080009c9   Thumb Code   138  stm32f4xx_usart.o(.text)
    USART_Init                               0x08000a53   Thumb Code   164  stm32f4xx_usart.o(.text)
    USART_StructInit                         0x08000af7   Thumb Code    22  stm32f4xx_usart.o(.text)
    USART_ClockInit                          0x08000b0d   Thumb Code    28  stm32f4xx_usart.o(.text)
    USART_ClockStructInit                    0x08000b29   Thumb Code    12  stm32f4xx_usart.o(.text)
    USART_Cmd                                0x08000b35   Thumb Code    20  stm32f4xx_usart.o(.text)
    USART_SetPrescaler                       0x08000b49   Thumb Code    16  stm32f4xx_usart.o(.text)
    USART_OverSampling8Cmd                   0x08000b59   Thumb Code    20  stm32f4xx_usart.o(.text)
    USART_OneBitMethodCmd                    0x08000b6d   Thumb Code    20  stm32f4xx_usart.o(.text)
    USART_SendData                           0x08000b81   Thumb Code     8  stm32f4xx_usart.o(.text)
    USART_ReceiveData                        0x08000b89   Thumb Code     8  stm32f4xx_usart.o(.text)
    USART_SetAddress                         0x08000b91   Thumb Code    16  stm32f4xx_usart.o(.text)
    USART_ReceiverWakeUpCmd                  0x08000ba1   Thumb Code    20  stm32f4xx_usart.o(.text)
    USART_WakeUpConfig                       0x08000bb5   Thumb Code    16  stm32f4xx_usart.o(.text)
    USART_LINBreakDetectLengthConfig         0x08000bc5   Thumb Code    16  stm32f4xx_usart.o(.text)
    USART_LINCmd                             0x08000bd5   Thumb Code    20  stm32f4xx_usart.o(.text)
    USART_SendBreak                          0x08000be9   Thumb Code    10  stm32f4xx_usart.o(.text)
    USART_HalfDuplexCmd                      0x08000bf3   Thumb Code    20  stm32f4xx_usart.o(.text)
    USART_SetGuardTime                       0x08000c07   Thumb Code    16  stm32f4xx_usart.o(.text)
    USART_SmartCardCmd                       0x08000c17   Thumb Code    20  stm32f4xx_usart.o(.text)
    USART_SmartCardNACKCmd                   0x08000c2b   Thumb Code    20  stm32f4xx_usart.o(.text)
    USART_IrDAConfig                         0x08000c3f   Thumb Code    16  stm32f4xx_usart.o(.text)
    USART_IrDACmd                            0x08000c4f   Thumb Code    20  stm32f4xx_usart.o(.text)
    USART_DMACmd                             0x08000c63   Thumb Code    16  stm32f4xx_usart.o(.text)
    USART_ITConfig                           0x08000c73   Thumb Code    48  stm32f4xx_usart.o(.text)
    USART_GetFlagStatus                      0x08000ca3   Thumb Code    14  stm32f4xx_usart.o(.text)
    USART_ClearFlag                          0x08000cb1   Thumb Code     6  stm32f4xx_usart.o(.text)
    USART_GetITStatus                        0x08000cb7   Thumb Code    62  stm32f4xx_usart.o(.text)
    USART_ClearITPendingBit                  0x08000cf5   Thumb Code    12  stm32f4xx_usart.o(.text)
    TIM_DeInit                               0x08000d21   Thumb Code   284  stm32f4xx_tim.o(.text)
    TIM_TimeBaseInit                         0x08000e3d   Thumb Code    96  stm32f4xx_tim.o(.text)
    TIM_TimeBaseStructInit                   0x08000e9d   Thumb Code    18  stm32f4xx_tim.o(.text)
    TIM_PrescalerConfig                      0x08000eaf   Thumb Code     6  stm32f4xx_tim.o(.text)
    TIM_CounterModeConfig                    0x08000eb5   Thumb Code    12  stm32f4xx_tim.o(.text)
    TIM_SetCounter                           0x08000ec1   Thumb Code     4  stm32f4xx_tim.o(.text)
    TIM_SetAutoreload                        0x08000ec5   Thumb Code     4  stm32f4xx_tim.o(.text)
    TIM_GetCounter                           0x08000ec9   Thumb Code     4  stm32f4xx_tim.o(.text)
    TIM_GetPrescaler                         0x08000ecd   Thumb Code     4  stm32f4xx_tim.o(.text)
    TIM_UpdateDisableConfig                  0x08000ed1   Thumb Code    20  stm32f4xx_tim.o(.text)
    TIM_UpdateRequestConfig                  0x08000ee5   Thumb Code    20  stm32f4xx_tim.o(.text)
    TIM_ARRPreloadConfig                     0x08000ef9   Thumb Code    20  stm32f4xx_tim.o(.text)
    TIM_SelectOnePulseMode                   0x08000f0d   Thumb Code    16  stm32f4xx_tim.o(.text)
    TIM_SetClockDivision                     0x08000f1d   Thumb Code    16  stm32f4xx_tim.o(.text)
    TIM_Cmd                                  0x08000f2d   Thumb Code    20  stm32f4xx_tim.o(.text)
    TIM_OC1Init                              0x08000f41   Thumb Code    88  stm32f4xx_tim.o(.text)
    TIM_OC2Init                              0x08000f99   Thumb Code   120  stm32f4xx_tim.o(.text)
    TIM_OC3Init                              0x08001011   Thumb Code   116  stm32f4xx_tim.o(.text)
    TIM_OC4Init                              0x08001085   Thumb Code    88  stm32f4xx_tim.o(.text)
    TIM_OCStructInit                         0x080010dd   Thumb Code    20  stm32f4xx_tim.o(.text)
    TIM_SelectOCxM                           0x080010f1   Thumb Code   130  stm32f4xx_tim.o(.text)
    TIM_SetCompare1                          0x08001173   Thumb Code     4  stm32f4xx_tim.o(.text)
    TIM_SetCompare2                          0x08001177   Thumb Code     4  stm32f4xx_tim.o(.text)
    TIM_SetCompare3                          0x0800117b   Thumb Code     4  stm32f4xx_tim.o(.text)
    TIM_SetCompare4                          0x0800117f   Thumb Code     4  stm32f4xx_tim.o(.text)
    TIM_ForcedOC1Config                      0x08001183   Thumb Code    12  stm32f4xx_tim.o(.text)
    TIM_ForcedOC2Config                      0x0800118f   Thumb Code    20  stm32f4xx_tim.o(.text)
    TIM_ForcedOC3Config                      0x080011a3   Thumb Code    12  stm32f4xx_tim.o(.text)
    TIM_ForcedOC4Config                      0x080011af   Thumb Code    20  stm32f4xx_tim.o(.text)
    TIM_OC1PreloadConfig                     0x080011c3   Thumb Code    12  stm32f4xx_tim.o(.text)
    TIM_OC2PreloadConfig                     0x080011cf   Thumb Code    20  stm32f4xx_tim.o(.text)
    TIM_OC3PreloadConfig                     0x080011e3   Thumb Code    12  stm32f4xx_tim.o(.text)
    TIM_OC4PreloadConfig                     0x080011ef   Thumb Code    20  stm32f4xx_tim.o(.text)
    TIM_OC1FastConfig                        0x08001203   Thumb Code    12  stm32f4xx_tim.o(.text)
    TIM_OC2FastConfig                        0x0800120f   Thumb Code    20  stm32f4xx_tim.o(.text)
    TIM_OC3FastConfig                        0x08001223   Thumb Code    12  stm32f4xx_tim.o(.text)
    TIM_OC4FastConfig                        0x0800122f   Thumb Code    20  stm32f4xx_tim.o(.text)
    TIM_ClearOC1Ref                          0x08001243   Thumb Code    12  stm32f4xx_tim.o(.text)
    TIM_ClearOC2Ref                          0x0800124f   Thumb Code    20  stm32f4xx_tim.o(.text)
    TIM_ClearOC3Ref                          0x08001263   Thumb Code    12  stm32f4xx_tim.o(.text)
    TIM_ClearOC4Ref                          0x0800126f   Thumb Code    20  stm32f4xx_tim.o(.text)
    TIM_OC1PolarityConfig                    0x08001283   Thumb Code    12  stm32f4xx_tim.o(.text)
    TIM_OC1NPolarityConfig                   0x0800128f   Thumb Code    12  stm32f4xx_tim.o(.text)
    TIM_OC2PolarityConfig                    0x0800129b   Thumb Code    20  stm32f4xx_tim.o(.text)
    TIM_OC2NPolarityConfig                   0x080012af   Thumb Code    20  stm32f4xx_tim.o(.text)
    TIM_OC3PolarityConfig                    0x080012c3   Thumb Code    20  stm32f4xx_tim.o(.text)
    TIM_OC3NPolarityConfig                   0x080012d7   Thumb Code    20  stm32f4xx_tim.o(.text)
    TIM_OC4PolarityConfig                    0x080012eb   Thumb Code    20  stm32f4xx_tim.o(.text)
    TIM_CCxCmd                               0x080012ff   Thumb Code    22  stm32f4xx_tim.o(.text)
    TIM_CCxNCmd                              0x08001315   Thumb Code    22  stm32f4xx_tim.o(.text)
    TIM_SetIC4Prescaler                      0x0800132b   Thumb Code    24  stm32f4xx_tim.o(.text)
    TIM_SetIC3Prescaler                      0x08001343   Thumb Code    16  stm32f4xx_tim.o(.text)
    TIM_SetIC2Prescaler                      0x08001353   Thumb Code    24  stm32f4xx_tim.o(.text)
    TIM_SetIC1Prescaler                      0x080013a1   Thumb Code    16  stm32f4xx_tim.o(.text)
    TIM_ICInit                               0x080013b1   Thumb Code   164  stm32f4xx_tim.o(.text)
    TIM_ICStructInit                         0x08001455   Thumb Code    16  stm32f4xx_tim.o(.text)
    TIM_PWMIConfig                           0x08001465   Thumb Code   104  stm32f4xx_tim.o(.text)
    TIM_GetCapture1                          0x080014cd   Thumb Code     4  stm32f4xx_tim.o(.text)
    TIM_GetCapture2                          0x080014d1   Thumb Code     4  stm32f4xx_tim.o(.text)
    TIM_GetCapture3                          0x080014d5   Thumb Code     4  stm32f4xx_tim.o(.text)
    TIM_GetCapture4                          0x080014d9   Thumb Code     4  stm32f4xx_tim.o(.text)
    TIM_BDTRConfig                           0x080014dd   Thumb Code    34  stm32f4xx_tim.o(.text)
    TIM_BDTRStructInit                       0x080014ff   Thumb Code    18  stm32f4xx_tim.o(.text)
    TIM_CtrlPWMOutputs                       0x08001511   Thumb Code    22  stm32f4xx_tim.o(.text)
    TIM_SelectCOM                            0x08001527   Thumb Code    20  stm32f4xx_tim.o(.text)
    TIM_CCPreloadControl                     0x0800153b   Thumb Code    20  stm32f4xx_tim.o(.text)
    TIM_ITConfig                             0x0800154f   Thumb Code    16  stm32f4xx_tim.o(.text)
    TIM_GenerateEvent                        0x0800155f   Thumb Code     4  stm32f4xx_tim.o(.text)
    TIM_GetFlagStatus                        0x08001563   Thumb Code    14  stm32f4xx_tim.o(.text)
    TIM_ClearFlag                            0x08001571   Thumb Code     6  stm32f4xx_tim.o(.text)
    TIM_GetITStatus                          0x08001577   Thumb Code    24  stm32f4xx_tim.o(.text)
    TIM_ClearITPendingBit                    0x0800158f   Thumb Code     6  stm32f4xx_tim.o(.text)
    TIM_DMAConfig                            0x08001595   Thumb Code     8  stm32f4xx_tim.o(.text)
    TIM_DMACmd                               0x0800159d   Thumb Code    16  stm32f4xx_tim.o(.text)
    TIM_SelectCCDMA                          0x080015ad   Thumb Code    20  stm32f4xx_tim.o(.text)
    TIM_InternalClockConfig                  0x080015c1   Thumb Code    10  stm32f4xx_tim.o(.text)
    TIM_SelectInputTrigger                   0x080015cb   Thumb Code    12  stm32f4xx_tim.o(.text)
    TIM_ITRxExternalClockConfig              0x080015d7   Thumb Code    18  stm32f4xx_tim.o(.text)
    TIM_TIxExternalClockConfig               0x080015e9   Thumb Code    46  stm32f4xx_tim.o(.text)
    TIM_ETRConfig                            0x08001617   Thumb Code    24  stm32f4xx_tim.o(.text)
    TIM_ETRClockMode1Config                  0x0800162f   Thumb Code    18  stm32f4xx_tim.o(.text)
    TIM_ETRClockMode2Config                  0x08001641   Thumb Code    18  stm32f4xx_tim.o(.text)
    TIM_SelectOutputTrigger                  0x08001653   Thumb Code    16  stm32f4xx_tim.o(.text)
    TIM_SelectSlaveMode                      0x08001663   Thumb Code    16  stm32f4xx_tim.o(.text)
    TIM_SelectMasterSlaveMode                0x08001673   Thumb Code    16  stm32f4xx_tim.o(.text)
    TIM_EncoderInterfaceConfig               0x08001683   Thumb Code    50  stm32f4xx_tim.o(.text)
    TIM_SelectHallSensor                     0x080016b5   Thumb Code    20  stm32f4xx_tim.o(.text)
    TIM_RemapConfig                          0x080016c9   Thumb Code     6  stm32f4xx_tim.o(.text)
    Delay                                    0x080016fd   Thumb Code    16  tm_stm32f4_delay.o(.text)
    Delayms                                  0x0800170d   Thumb Code    22  tm_stm32f4_delay.o(.text)
    TimingDelay_Decrement                    0x08001723   Thumb Code    32  tm_stm32f4_delay.o(.text)
    TM_DELAY_Init                            0x08001743   Thumb Code    72  tm_stm32f4_delay.o(.text)
    TM_DELAY_Time                            0x0800178b   Thumb Code     6  tm_stm32f4_delay.o(.text)
    TM_DELAY_Time2                           0x08001791   Thumb Code     6  tm_stm32f4_delay.o(.text)
    TM_DELAY_SetTime                         0x08001797   Thumb Code     6  tm_stm32f4_delay.o(.text)
    TM_DELAY_SetTime2                        0x0800179d   Thumb Code     6  tm_stm32f4_delay.o(.text)
    TM_DELAY_EnableSystick                   0x080017a3   Thumb Code    22  tm_stm32f4_delay.o(.text)
    TM_DELAY_DisableSystick                  0x080017b9   Thumb Code    14  tm_stm32f4_delay.o(.text)
    TM_DISCO_LedInit                         0x080017d9   Thumb Code    46  tm_stm32f4_disco.o(.text)
    TM_DISCO_ButtonInit                      0x08001807   Thumb Code    46  tm_stm32f4_disco.o(.text)
    TM_DISCO_LedOn                           0x08001835   Thumb Code     8  tm_stm32f4_disco.o(.text)
    TM_DISCO_LedOff                          0x0800183d   Thumb Code     8  tm_stm32f4_disco.o(.text)
    TM_DISCO_LedToggle                       0x08001845   Thumb Code     8  tm_stm32f4_disco.o(.text)
    TM_DISCO_LedIsOn                         0x0800184d   Thumb Code    18  tm_stm32f4_disco.o(.text)
    TM_DISCO_SetLed                          0x0800185f   Thumb Code     6  tm_stm32f4_disco.o(.text)
    TM_DISCO_ButtonPressed                   0x08001865   Thumb Code    22  tm_stm32f4_disco.o(.text)
    TM_DS18B20_Is                            0x08001885   Thumb Code    14  tm_stm32f4_ds18b20.o(.text)
    TM_DS18B20_Start                         0x08001893   Thumb Code    32  tm_stm32f4_ds18b20.o(.text)
    TM_DS18B20_StartAll                      0x080018b3   Thumb Code    22  tm_stm32f4_ds18b20.o(.text)
    TM_DS18B20_GetResolution                 0x080018c9   Thumb Code    56  tm_stm32f4_ds18b20.o(.text)
    TM_DS18B20_Read                          0x08001901   Thumb Code   216  tm_stm32f4_ds18b20.o(.text)
    TM_DS18B20_SetResolution                 0x080019d9   Thumb Code   160  tm_stm32f4_ds18b20.o(.text)
    TM_DS18B20_SetAlarmLowTemperature        0x08001a79   Thumb Code   130  tm_stm32f4_ds18b20.o(.text)
    TM_DS18B20_SetAlarmHighTemperature       0x08001afb   Thumb Code   130  tm_stm32f4_ds18b20.o(.text)
    TM_DS18B20_DisableAlarmTemperature       0x08001b7d   Thumb Code   110  tm_stm32f4_ds18b20.o(.text)
    TM_DS18B20_AlarmSearch                   0x08001beb   Thumb Code     6  tm_stm32f4_ds18b20.o(.text)
    TM_DS18B20_AllDone                       0x08001bf1   Thumb Code     4  tm_stm32f4_ds18b20.o(.text)
    TM_OneWire_Init                          0x08001bfd   Thumb Code    44  tm_stm32f4_onewire.o(.text)
    TM_OneWire_Reset                         0x08001c29   Thumb Code    70  tm_stm32f4_onewire.o(.text)
    TM_OneWire_ReadBit                       0x08001c6f   Thumb Code    70  tm_stm32f4_onewire.o(.text)
    TM_OneWire_ReadByte                      0x08001cb5   Thumb Code    28  tm_stm32f4_onewire.o(.text)
    TM_OneWire_WriteBit                      0x08001cd1   Thumb Code    66  tm_stm32f4_onewire.o(.text)
    TM_OneWire_WriteByte                     0x08001d13   Thumb Code    26  tm_stm32f4_onewire.o(.text)
    TM_OneWire_Search                        0x08001d2d   Thumb Code   244  tm_stm32f4_onewire.o(.text)
    TM_OneWire_ResetSearch                   0x08001e21   Thumb Code    14  tm_stm32f4_onewire.o(.text)
    TM_OneWire_First                         0x08001e2f   Thumb Code    14  tm_stm32f4_onewire.o(.text)
    TM_OneWire_Next                          0x08001e3d   Thumb Code     4  tm_stm32f4_onewire.o(.text)
    TM_OneWire_Verify                        0x08001e41   Thumb Code   112  tm_stm32f4_onewire.o(.text)
    TM_OneWire_TargetSetup                   0x08001eb1   Thumb Code    34  tm_stm32f4_onewire.o(.text)
    TM_OneWire_FamilySkipSetup               0x08001ed3   Thumb Code    22  tm_stm32f4_onewire.o(.text)
    TM_OneWire_GetROM                        0x08001ee9   Thumb Code     8  tm_stm32f4_onewire.o(.text)
    TM_OneWire_Select                        0x08001ef1   Thumb Code    28  tm_stm32f4_onewire.o(.text)
    TM_OneWire_SelectWithPointer             0x08001f0d   Thumb Code    28  tm_stm32f4_onewire.o(.text)
    TM_OneWire_GetFullROM                    0x08001f29   Thumb Code    20  tm_stm32f4_onewire.o(.text)
    TM_PWM_InitTimer                         0x08001f45   Thumb Code   204  tm_stm32f4_pwm.o(.text)
    TM_PWM_INT_InitTIM14Pins                 0x08002011   Thumb Code   100  tm_stm32f4_pwm.o(.text)
    TM_PWM_INT_InitTIM13Pins                 0x08002075   Thumb Code   100  tm_stm32f4_pwm.o(.text)
    TM_PWM_INT_InitTIM12Pins                 0x080020d9   Thumb Code   168  tm_stm32f4_pwm.o(.text)
    TM_PWM_INT_InitTIM11Pins                 0x08002181   Thumb Code   100  tm_stm32f4_pwm.o(.text)
    TM_PWM_INT_InitTIM10Pins                 0x080021e5   Thumb Code   100  tm_stm32f4_pwm.o(.text)
    TM_PWM_INT_InitTIM9Pins                  0x08002249   Thumb Code   162  tm_stm32f4_pwm.o(.text)
    TM_PWM_INT_InitTIM8Pins                  0x080022eb   Thumb Code   340  tm_stm32f4_pwm.o(.text)
    TM_PWM_INT_InitTIM5Pins                  0x0800243f   Thumb Code   270  tm_stm32f4_pwm.o(.text)
    TM_PWM_INT_InitTIM4Pins                  0x0800254d   Thumb Code   278  tm_stm32f4_pwm.o(.text)
    TM_PWM_INT_InitTIM3Pins                  0x08002663   Thumb Code   320  tm_stm32f4_pwm.o(.text)
    TM_PWM_INT_InitTIM2Pins                  0x080027a3   Thumb Code   326  tm_stm32f4_pwm.o(.text)
    TM_PWM_INT_InitTIM1Pins                  0x080028e9   Thumb Code   280  tm_stm32f4_pwm.o(.text)
    TM_PWM_InitChannel                       0x08002a01   Thumb Code   162  tm_stm32f4_pwm.o(.text)
    TM_PWM_SetChannel                        0x08002aa3   Thumb Code   130  tm_stm32f4_pwm.o(.text)
    TM_PWM_SetChannelPercent                 0x08002b25   Thumb Code    64  tm_stm32f4_pwm.o(.text)
    TM_PWM_SetChannelMicros                  0x08002b65   Thumb Code    28  tm_stm32f4_pwm.o(.text)
    TM_TIMER_PROPERTIES_GetTimerProperties   0x08002bb9   Thumb Code   134  tm_stm32f4_timer_properties.o(.text)
    TM_TIMER_PROPERTIES_GenerateDataForWorkingFrequency 0x08002c3f   Thumb Code   170  tm_stm32f4_timer_properties.o(.text)
    TM_TIMER_PROPERTIES_EnableClock          0x08002ce9   Thumb Code   180  tm_stm32f4_timer_properties.o(.text)
    TM_TIMER_PROPERTIES_DisableClock         0x08002d9d   Thumb Code   186  tm_stm32f4_timer_properties.o(.text)
    TM_USART_GetUsartNumber                  0x08002e95   Thumb Code    80  tm_stm32f4_usart.o(.text)
    TM_USART6_InitPins                       0x08002ee5   Thumb Code   122  tm_stm32f4_usart.o(.text)
    TM_USART2_InitPins                       0x08002f5f   Thumb Code   120  tm_stm32f4_usart.o(.text)
    TM_USART1_InitPins                       0x08002fd7   Thumb Code   122  tm_stm32f4_usart.o(.text)
    TM_USART_Init                            0x08003051   Thumb Code   186  tm_stm32f4_usart.o(.text)
    TM_USART_Putc                            0x0800310b   Thumb Code    30  tm_stm32f4_usart.o(.text)
    TM_USART_Puts                            0x08003129   Thumb Code    24  tm_stm32f4_usart.o(.text)
    TM_USART_InsertToBuffer                  0x08003141   Thumb Code    56  tm_stm32f4_usart.o(.text)
    USART1_IRQHandler                        0x08003179   Thumb Code    32  tm_stm32f4_usart.o(.text)
    USART2_IRQHandler                        0x08003199   Thumb Code    34  tm_stm32f4_usart.o(.text)
    USART3_IRQHandler                        0x080031bb   Thumb Code    34  tm_stm32f4_usart.o(.text)
    UART4_IRQHandler                         0x080031dd   Thumb Code    34  tm_stm32f4_usart.o(.text)
    UART5_IRQHandler                         0x080031ff   Thumb Code    32  tm_stm32f4_usart.o(.text)
    USART6_IRQHandler                        0x0800321f   Thumb Code    34  tm_stm32f4_usart.o(.text)
    UART7_IRQHandler                         0x08003241   Thumb Code    34  tm_stm32f4_usart.o(.text)
    UART8_IRQHandler                         0x08003263   Thumb Code    92  tm_stm32f4_usart.o(.text)
    TM_USART_Getc                            0x080032bf   Thumb Code    66  tm_stm32f4_usart.o(.text)
    TM_USART_BufferEmpty                     0x08003301   Thumb Code    22  tm_stm32f4_usart.o(.text)
    TM_USART_Gets                            0x08003317   Thumb Code    66  tm_stm32f4_usart.o(.text)
    TM_USART_ClearBuffer                     0x08003359   Thumb Code    28  tm_stm32f4_usart.o(.text)
    main                                     0x08003379   Thumb Code   432  main.o(.text)
    NMI_Handler                              0x08003575   Thumb Code     2  stm32f4xx_it.o(.text)
    HardFault_Handler                        0x08003577   Thumb Code     2  stm32f4xx_it.o(.text)
    MemManage_Handler                        0x08003579   Thumb Code     2  stm32f4xx_it.o(.text)
    BusFault_Handler                         0x0800357b   Thumb Code     2  stm32f4xx_it.o(.text)
    UsageFault_Handler                       0x0800357d   Thumb Code     2  stm32f4xx_it.o(.text)
    SVC_Handler                              0x0800357f   Thumb Code     2  stm32f4xx_it.o(.text)
    DebugMon_Handler                         0x08003581   Thumb Code     2  stm32f4xx_it.o(.text)
    PendSV_Handler                           0x08003583   Thumb Code     2  stm32f4xx_it.o(.text)
    SysTick_Handler                          0x08003587   Thumb Code     8  stm32f4xx_it.o(.text)
    SystemInit                               0x08003591   Thumb Code    74  system_stm32f4xx.o(.text)
    SystemCoreClockUpdate                    0x080035db   Thumb Code   108  system_stm32f4xx.o(.text)
    arm_pid_init_f32                         0x08003709   Thumb Code    54  arm_pid_init_f32.o(.text)
    __2sprintf                               0x08003741   Thumb Code    34  noretval__2sprintf.o(.text)
    _printf_pre_padding                      0x08003769   Thumb Code    44  _printf_pad.o(.text)
    _printf_post_padding                     0x08003795   Thumb Code    34  _printf_pad.o(.text)
    __printf                                 0x080037b7   Thumb Code   270  __printf_wp.o(.text)
    __use_two_region_memory                  0x080038c5   Thumb Code     2  heapauxi.o(.text)
    __rt_heap_escrow$2region                 0x080038c7   Thumb Code     2  heapauxi.o(.text)
    __rt_heap_expand$2region                 0x080038c9   Thumb Code     2  heapauxi.o(.text)
    __lib_sel_fp_printf                      0x080038cb   Thumb Code     2  _printf_fp_dec.o(.text)
    _printf_fp_dec_real                      0x08003a79   Thumb Code   620  _printf_fp_dec.o(.text)
    _printf_char_common                      0x08003cef   Thumb Code    32  _printf_char_common.o(.text)
    _sputc                                   0x08003d15   Thumb Code    10  _sputc.o(.text)
    __rt_locale                              0x08003d21   Thumb Code     8  rt_locale_intlibspace.o(.text)
    _ll_udiv10                               0x08003d29   Thumb Code   138  lludiv10.o(.text)
    _printf_fp_infnan                        0x08003db5   Thumb Code   112  _printf_fp_infnan.o(.text)
    _btod_etento                             0x08003e35   Thumb Code   216  bigflt0.o(.text)
    __user_libspace                          0x08003f11   Thumb Code     8  libspace.o(.text)
    __user_perproc_libspace                  0x08003f11   Thumb Code     0  libspace.o(.text)
    __user_perthread_libspace                0x08003f11   Thumb Code     0  libspace.o(.text)
    __user_setup_stackheap                   0x08003f19   Thumb Code    74  sys_stackheap_outer.o(.text)
    exit                                     0x08003f63   Thumb Code    12  exit.o(.text)
    strcmp                                   0x08003f71   Thumb Code   128  strcmpv7m.o(.text)
    _sys_exit                                0x08003ff1   Thumb Code     8  sys_exit.o(.text)
    __I$use$semihosting                      0x08003ffd   Thumb Code     0  use_no_semi.o(.text)
    __use_no_semihosting_swi                 0x08003ffd   Thumb Code     2  use_no_semi.o(.text)
    __semihosting_library_function           0x08003fff   Thumb Code     0  indicate_semi.o(.text)
    _btod_d2e                                0x08003fff   Thumb Code    62  btod.o(CL$$btod_d2e)
    _d2e_denorm_low                          0x0800403d   Thumb Code    70  btod.o(CL$$btod_d2e_denorm_low)
    _d2e_norm_op1                            0x08004083   Thumb Code    96  btod.o(CL$$btod_d2e_norm_op1)
    __btod_div_common                        0x080040e3   Thumb Code   696  btod.o(CL$$btod_div_common)
    _e2e                                     0x0800441b   Thumb Code   198  btod.o(CL$$btod_e2e)
    _btod_ediv                               0x080044e1   Thumb Code    40  btod.o(CL$$btod_ediv)
    _btod_emul                               0x08004509   Thumb Code    40  btod.o(CL$$btod_emul)
    __btod_mult_common                       0x08004531   Thumb Code   580  btod.o(CL$$btod_mult_common)
    __ARM_fpclassify                         0x08004775   Thumb Code    48  fpclassify.o(i.__ARM_fpclassify)
    _is_digit                                0x080047a5   Thumb Code    14  __printf_wp.o(i._is_digit)
    _get_lc_numeric                          0x080047b5   Thumb Code    44  lc_numeric_c.o(locale$$code)
    __fpl_dcmp_Inf                           0x080047e1   Thumb Code    24  dcmpi.o(x$fpl$dcmpinf)
    __aeabi_ddiv                             0x080047f9   Thumb Code     0  ddiv.o(x$fpl$ddiv)
    _ddiv                                    0x080047f9   Thumb Code   552  ddiv.o(x$fpl$ddiv)
    __aeabi_cdcmpeq                          0x08004aa9   Thumb Code     0  deqf.o(x$fpl$deqf)
    _dcmpeq                                  0x08004aa9   Thumb Code   120  deqf.o(x$fpl$deqf)
    __aeabi_d2uiz                            0x08004b21   Thumb Code     0  dfixu.o(x$fpl$dfixu)
    _dfixu                                   0x08004b21   Thumb Code    90  dfixu.o(x$fpl$dfixu)
    __aeabi_ui2d                             0x08004b7b   Thumb Code     0  dflt_clz.o(x$fpl$dfltu)
    _dfltu                                   0x08004b7b   Thumb Code    38  dflt_clz.o(x$fpl$dfltu)
    __aeabi_cdcmple                          0x08004ba1   Thumb Code     0  dleqf.o(x$fpl$dleqf)
    _dcmple                                  0x08004ba1   Thumb Code   120  dleqf.o(x$fpl$dleqf)
    __fpl_dcmple_InfNaN                      0x08004c03   Thumb Code     0  dleqf.o(x$fpl$dleqf)
    __fpl_dnaninf                            0x08004c19   Thumb Code   156  dnaninf.o(x$fpl$dnaninf)
    __fpl_dretinf                            0x08004cb5   Thumb Code    12  dretinf.o(x$fpl$dretinf)
    __aeabi_f2d                              0x08004cc1   Thumb Code     0  f2d.o(x$fpl$f2d)
    _f2d                                     0x08004cc1   Thumb Code    86  f2d.o(x$fpl$f2d)
    __fpl_fnaninf                            0x08004d17   Thumb Code   140  fnaninf.o(x$fpl$fnaninf)
    _fp_init                                 0x08004da3   Thumb Code    10  fpinit.o(x$fpl$fpinit)
    __fplib_config_fpu_vfp                   0x08004dab   Thumb Code     0  fpinit.o(x$fpl$fpinit)
    __fplib_config_pureend_doubles           0x08004dab   Thumb Code     0  fpinit.o(x$fpl$fpinit)
    _printf_fp_dec                           0x08004dad   Thumb Code     4  printf1.o(x$fpl$printf1)
    __I$use$fp                               0x08004db0   Number         0  usenofp.o(x$fpl$usenofp)
    Region$$Table$$Base                      0x08004e9c   Number         0  anon$$obj.o(Region$$Table)
    Region$$Table$$Limit                     0x08004ebc   Number         0  anon$$obj.o(Region$$Table)
    TM_DELAY_Initialized                     0x20000010   Data           1  tm_stm32f4_delay.o(.data)
    TM_OneWire_LastDiscrepancy               0x20000020   Data           1  tm_stm32f4_onewire.o(.data)
    TM_OneWire_LastFamilyDiscrepancy         0x20000021   Data           1  tm_stm32f4_onewire.o(.data)
    TM_OneWire_LastDeviceFlag                0x20000022   Data           1  tm_stm32f4_onewire.o(.data)
    TM_OneWire_GPIO_InitDef                  0x20000024   Data           8  tm_stm32f4_onewire.o(.data)
    TM_OneWire_ROM_NO                        0x2000002c   Data           8  tm_stm32f4_onewire.o(.data)
    SystemCoreClock                          0x20000034   Data           4  system_stm32f4xx.o(.data)
    AHBPrescTable                            0x20000038   Data          16  system_stm32f4xx.o(.data)
    tm_usart_buf_in                          0x20000048   Data          16  tm_stm32f4_usart.o(.bss)
    tm_usart_buf_out                         0x20000058   Data          16  tm_stm32f4_usart.o(.bss)
    tm_usart_buf_num                         0x20000068   Data          16  tm_stm32f4_usart.o(.bss)
    TM_USART_Buffer                          0x20000078   Data         256  tm_stm32f4_usart.o(.bss)
    __libspace_start                         0x20000178   Data          96  libspace.o(.bss)
    __temporary_stack_top$libspace           0x200001d8   Data           0  libspace.o(.bss)



==============================================================================

Memory Map of the image

  Image Entry point : 0x0800024d

  Load Region LR_1 (Base: 0x08000000, Size: 0x00004f20, Max: 0xffffffff, ABSOLUTE)

    Execution Region ER_RO (Base: 0x08000000, Size: 0x00004ed8, Max: 0xffffffff, ABSOLUTE)

    Base Addr    Size         Type   Attr      Idx    E Section Name        Object

    0x08000000   0x00000194   Data   RO            3    RESET               startup_stm32f401xx.o
    0x08000194   0x00000008   Code   RO           84  * !!!main             c_w.l(__main.o)
    0x0800019c   0x00000034   Code   RO          252    !!!scatter          c_w.l(__scatter.o)
    0x080001d0   0x0000001a   Code   RO          253    !!handler_copy      c_w.l(__scatter_copy.o)
    0x080001ea   0x00000002   PAD
    0x080001ec   0x0000001c   Code   RO          254    !!handler_zi        c_w.l(__scatter_zi.o)
    0x08000208   0x00000000   Code   RO           82    .ARM.Collect$$_printf_percent$$00000000  c_w.l(_printf_percent.o)
    0x08000208   0x00000006   Code   RO           81    .ARM.Collect$$_printf_percent$$00000003  c_w.l(_printf_f.o)
    0x0800020e   0x00000004   Code   RO          100    .ARM.Collect$$_printf_percent$$00000017  c_w.l(_printf_percent_end.o)
    0x08000212   0x00000002   Code   RO          152    .ARM.Collect$$libinit$$00000000  c_w.l(libinit.o)
    0x08000214   0x00000004   Code   RO          153    .ARM.Collect$$libinit$$00000001  c_w.l(libinit2.o)
    0x08000218   0x00000000   Code   RO          156    .ARM.Collect$$libinit$$00000004  c_w.l(libinit2.o)
    0x08000218   0x00000000   Code   RO          159    .ARM.Collect$$libinit$$0000000A  c_w.l(libinit2.o)
    0x08000218   0x00000000   Code   RO          161    .ARM.Collect$$libinit$$0000000C  c_w.l(libinit2.o)
    0x08000218   0x00000000   Code   RO          163    .ARM.Collect$$libinit$$0000000E  c_w.l(libinit2.o)
    0x08000218   0x00000006   Code   RO          164    .ARM.Collect$$libinit$$0000000F  c_w.l(libinit2.o)
    0x0800021e   0x00000000   Code   RO          166    .ARM.Collect$$libinit$$00000011  c_w.l(libinit2.o)
    0x0800021e   0x00000000   Code   RO          168    .ARM.Collect$$libinit$$00000013  c_w.l(libinit2.o)
    0x0800021e   0x00000000   Code   RO          170    .ARM.Collect$$libinit$$00000015  c_w.l(libinit2.o)
    0x0800021e   0x0000000a   Code   RO          171    .ARM.Collect$$libinit$$00000016  c_w.l(libinit2.o)
    0x08000228   0x00000000   Code   RO          172    .ARM.Collect$$libinit$$00000017  c_w.l(libinit2.o)
    0x08000228   0x00000000   Code   RO          174    .ARM.Collect$$libinit$$00000019  c_w.l(libinit2.o)
    0x08000228   0x00000000   Code   RO          176    .ARM.Collect$$libinit$$0000001B  c_w.l(libinit2.o)
    0x08000228   0x00000000   Code   RO          178    .ARM.Collect$$libinit$$0000001D  c_w.l(libinit2.o)
    0x08000228   0x00000000   Code   RO          180    .ARM.Collect$$libinit$$0000001F  c_w.l(libinit2.o)
    0x08000228   0x00000000   Code   RO          182    .ARM.Collect$$libinit$$00000021  c_w.l(libinit2.o)
    0x08000228   0x00000000   Code   RO          184    .ARM.Collect$$libinit$$00000023  c_w.l(libinit2.o)
    0x08000228   0x00000000   Code   RO          186    .ARM.Collect$$libinit$$00000025  c_w.l(libinit2.o)
    0x08000228   0x00000000   Code   RO          190    .ARM.Collect$$libinit$$0000002C  c_w.l(libinit2.o)
    0x08000228   0x00000000   Code   RO          192    .ARM.Collect$$libinit$$0000002E  c_w.l(libinit2.o)
    0x08000228   0x00000000   Code   RO          194    .ARM.Collect$$libinit$$00000030  c_w.l(libinit2.o)
    0x08000228   0x00000000   Code   RO          196    .ARM.Collect$$libinit$$00000032  c_w.l(libinit2.o)
    0x08000228   0x00000002   Code   RO          197    .ARM.Collect$$libinit$$00000033  c_w.l(libinit2.o)
    0x0800022a   0x00000002   Code   RO          217    .ARM.Collect$$libshutdown$$00000000  c_w.l(libshutdown.o)
    0x0800022c   0x00000000   Code   RO          225    .ARM.Collect$$libshutdown$$00000003  c_w.l(libshutdown2.o)
    0x0800022c   0x00000000   Code   RO          228    .ARM.Collect$$libshutdown$$00000006  c_w.l(libshutdown2.o)
    0x0800022c   0x00000000   Code   RO          231    .ARM.Collect$$libshutdown$$00000009  c_w.l(libshutdown2.o)
    0x0800022c   0x00000000   Code   RO          233    .ARM.Collect$$libshutdown$$0000000B  c_w.l(libshutdown2.o)
    0x0800022c   0x00000000   Code   RO          236    .ARM.Collect$$libshutdown$$0000000E  c_w.l(libshutdown2.o)
    0x0800022c   0x00000002   Code   RO          237    .ARM.Collect$$libshutdown$$0000000F  c_w.l(libshutdown2.o)
    0x0800022e   0x00000000   Code   RO           96    .ARM.Collect$$rtentry$$00000000  c_w.l(__rtentry.o)
    0x0800022e   0x00000000   Code   RO          107    .ARM.Collect$$rtentry$$00000002  c_w.l(__rtentry2.o)
    0x0800022e   0x00000006   Code   RO          119    .ARM.Collect$$rtentry$$00000004  c_w.l(__rtentry4.o)
    0x08000234   0x00000000   Code   RO          109    .ARM.Collect$$rtentry$$00000009  c_w.l(__rtentry2.o)
    0x08000234   0x00000004   Code   RO          110    .ARM.Collect$$rtentry$$0000000A  c_w.l(__rtentry2.o)
    0x08000238   0x00000000   Code   RO          112    .ARM.Collect$$rtentry$$0000000C  c_w.l(__rtentry2.o)
    0x08000238   0x00000008   Code   RO          113    .ARM.Collect$$rtentry$$0000000D  c_w.l(__rtentry2.o)
    0x08000240   0x00000002   Code   RO          198    .ARM.Collect$$rtexit$$00000000  c_w.l(rtexit.o)
    0x08000242   0x00000000   Code   RO          203    .ARM.Collect$$rtexit$$00000002  c_w.l(rtexit2.o)
    0x08000242   0x00000004   Code   RO          204    .ARM.Collect$$rtexit$$00000003  c_w.l(rtexit2.o)
    0x08000246   0x00000006   Code   RO          205    .ARM.Collect$$rtexit$$00000004  c_w.l(rtexit2.o)
    0x0800024c   0x00000040   Code   RO            4  * .text               startup_stm32f401xx.o
    0x0800028c   0x000000b0   Code   RO            7    .text               misc.o
    0x0800033c   0x00000480   Code   RO           10    .text               stm32f4xx_rcc.o
    0x080007bc   0x0000020c   Code   RO           14    .text               stm32f4xx_gpio.o
    0x080009c8   0x00000358   Code   RO           17    .text               stm32f4xx_usart.o
    0x08000d20   0x000009dc   Code   RO           20    .text               stm32f4xx_tim.o
    0x080016fc   0x000000dc   Code   RO           23    .text               tm_stm32f4_delay.o
    0x080017d8   0x000000ac   Code   RO           27    .text               tm_stm32f4_disco.o
    0x08001884   0x00000378   Code   RO           30    .text               tm_stm32f4_ds18b20.o
    0x08001bfc   0x00000348   Code   RO           33    .text               tm_stm32f4_onewire.o
    0x08001f44   0x00000c74   Code   RO           37    .text               tm_stm32f4_pwm.o
    0x08002bb8   0x000002dc   Code   RO           40    .text               tm_stm32f4_timer_properties.o
    0x08002e94   0x000004e4   Code   RO           43    .text               tm_stm32f4_usart.o
    0x08003378   0x000001fc   Code   RO           47    .text               main.o
    0x08003574   0x0000001a   Code   RO           51    .text               stm32f4xx_it.o
    0x0800358e   0x00000002   PAD
    0x08003590   0x00000178   Code   RO           54    .text               system_stm32f4xx.o
    0x08003708   0x00000036   Code   RO           58    .text               arm_pid_init_f32.o
    0x0800373e   0x00000002   PAD
    0x08003740   0x00000028   Code   RO           65    .text               c_w.l(noretval__2sprintf.o)
    0x08003768   0x0000004e   Code   RO           67    .text               c_w.l(_printf_pad.o)
    0x080037b6   0x0000010e   Code   RO           73    .text               c_w.l(__printf_wp.o)
    0x080038c4   0x00000006   Code   RO           83    .text               c_w.l(heapauxi.o)
    0x080038ca   0x0000041a   Code   RO           97    .text               c_w.l(_printf_fp_dec.o)
    0x08003ce4   0x00000030   Code   RO           98    .text               c_w.l(_printf_char_common.o)
    0x08003d14   0x0000000a   Code   RO           99    .text               c_w.l(_sputc.o)
    0x08003d1e   0x00000002   PAD
    0x08003d20   0x00000008   Code   RO          123    .text               c_w.l(rt_locale_intlibspace.o)
    0x08003d28   0x0000008a   Code   RO          124    .text               c_w.l(lludiv10.o)
    0x08003db2   0x00000002   PAD
    0x08003db4   0x00000080   Code   RO          125    .text               c_w.l(_printf_fp_infnan.o)
    0x08003e34   0x000000dc   Code   RO          127    .text               c_w.l(bigflt0.o)
    0x08003f10   0x00000008   Code   RO          144    .text               c_w.l(libspace.o)
    0x08003f18   0x0000004a   Code   RO          146    .text               c_w.l(sys_stackheap_outer.o)
    0x08003f62   0x0000000c   Code   RO          147    .text               c_w.l(exit.o)
    0x08003f6e   0x00000002   PAD
    0x08003f70   0x00000080   Code   RO          148    .text               c_w.l(strcmpv7m.o)
    0x08003ff0   0x0000000c   Code   RO          212    .text               c_w.l(sys_exit.o)
    0x08003ffc   0x00000002   Code   RO          218    .text               c_w.l(use_no_semi.o)
    0x08003ffe   0x00000000   Code   RO          219    .text               c_w.l(indicate_semi.o)
    0x08003ffe   0x0000003e   Code   RO          129    CL$$btod_d2e        c_w.l(btod.o)
    0x0800403c   0x00000046   Code   RO          131    CL$$btod_d2e_denorm_low  c_w.l(btod.o)
    0x08004082   0x00000060   Code   RO          130    CL$$btod_d2e_norm_op1  c_w.l(btod.o)
    0x080040e2   0x00000338   Code   RO          139    CL$$btod_div_common  c_w.l(btod.o)
    0x0800441a   0x000000c6   Code   RO          136    CL$$btod_e2e        c_w.l(btod.o)
    0x080044e0   0x00000028   Code   RO          133    CL$$btod_ediv       c_w.l(btod.o)
    0x08004508   0x00000028   Code   RO          132    CL$$btod_emul       c_w.l(btod.o)
    0x08004530   0x00000244   Code   RO          138    CL$$btod_mult_common  c_w.l(btod.o)
    0x08004774   0x00000030   Code   RO          143    i.__ARM_fpclassify  m_wm.l(fpclassify.o)
    0x080047a4   0x0000000e   Code   RO           75    i._is_digit         c_w.l(__printf_wp.o)
    0x080047b2   0x00000002   PAD
    0x080047b4   0x0000002c   Code   RO          141    locale$$code        c_w.l(lc_numeric_c.o)
    0x080047e0   0x00000018   Code   RO          101    x$fpl$dcmpinf       fz_wm.l(dcmpi.o)
    0x080047f8   0x000002b0   Code   RO           86    x$fpl$ddiv          fz_wm.l(ddiv.o)
    0x08004aa8   0x00000078   Code   RO           87    x$fpl$deqf          fz_wm.l(deqf.o)
    0x08004b20   0x0000005a   Code   RO           88    x$fpl$dfixu         fz_wm.l(dfixu.o)
    0x08004b7a   0x00000026   Code   RO           90    x$fpl$dfltu         fz_wm.l(dflt_clz.o)
    0x08004ba0   0x00000078   Code   RO           93    x$fpl$dleqf         fz_wm.l(dleqf.o)
    0x08004c18   0x0000009c   Code   RO          102    x$fpl$dnaninf       fz_wm.l(dnaninf.o)
    0x08004cb4   0x0000000c   Code   RO          103    x$fpl$dretinf       fz_wm.l(dretinf.o)
    0x08004cc0   0x00000056   Code   RO           94    x$fpl$f2d           fz_wm.l(f2d.o)
    0x08004d16   0x0000008c   Code   RO          104    x$fpl$fnaninf       fz_wm.l(fnaninf.o)
    0x08004da2   0x0000000a   Code   RO          201    x$fpl$fpinit        fz_wm.l(fpinit.o)
    0x08004dac   0x00000004   Code   RO           95    x$fpl$printf1       fz_wm.l(printf1.o)
    0x08004db0   0x00000000   Code   RO          105    x$fpl$usenofp       fz_wm.l(usenofp.o)
    0x08004db0   0x00000094   Data   RO          128    .constdata          c_w.l(bigflt0.o)
    0x08004e44   0x00000057   Data   RO           48    .conststring        main.o
    0x08004e9b   0x00000001   PAD
    0x08004e9c   0x00000020   Data   RO          250    Region$$Table       anon$$obj.o
    0x08004ebc   0x0000001c   Data   RO          140    locale$$data        c_w.l(lc_numeric_c.o)


    Execution Region ER_RW (Base: 0x20000000, Size: 0x00000048, Max: 0xffffffff, ABSOLUTE)

    Base Addr    Size         Type   Attr      Idx    E Section Name        Object

    0x20000000   0x00000010   Data   RW           11    .data               stm32f4xx_rcc.o
    0x20000010   0x00000010   Data   RW           24    .data               tm_stm32f4_delay.o
    0x20000020   0x00000014   Data   RW           34    .data               tm_stm32f4_onewire.o
    0x20000034   0x00000014   Data   RW           55    .data               system_stm32f4xx.o


    Execution Region ER_ZI (Base: 0x20000048, Size: 0x00000790, Max: 0xffffffff, ABSOLUTE)

    Base Addr    Size         Type   Attr      Idx    E Section Name        Object

    0x20000048   0x00000130   Zero   RW           44    .bss                tm_stm32f4_usart.o
    0x20000178   0x00000060   Zero   RW          145    .bss                c_w.l(libspace.o)
    0x200001d8   0x00000200   Zero   RW            2    HEAP                startup_stm32f401xx.o
    0x200003d8   0x00000400   Zero   RW            1    STACK               startup_stm32f401xx.o


==============================================================================

Image component sizes


      Code (inc. data)   RO Data    RW Data    ZI Data      Debug   Object Name

        54          0          0          0          0          0   arm_pid_init_f32.o
       508         76         87          0          0          0   main.o
       176         12          0          0          0          0   misc.o
        64         26        404          0       1536          0   startup_stm32f401xx.o
       524         44          0          0          0          0   stm32f4xx_gpio.o
        26          0          0          0          0          0   stm32f4xx_it.o
      1152         48          0         16          0          0   stm32f4xx_rcc.o
      2524         52          0          0          0          0   stm32f4xx_tim.o
       856         32          0          0          0          0   stm32f4xx_usart.o
       376         36          0         20          0          0   system_stm32f4xx.o
       220         18          0         16          0          0   tm_stm32f4_delay.o
       172         10          0          0          0          0   tm_stm32f4_disco.o
       888          8          0          0          0          0   tm_stm32f4_ds18b20.o
       840          8          0         20          0          0   tm_stm32f4_onewire.o
      3188        134          0          0          0          0   tm_stm32f4_pwm.o
       732         62          0          0          0          0   tm_stm32f4_timer_properties.o
      1252         62          0          0        304          0   tm_stm32f4_usart.o

    ----------------------------------------------------------------------
     13556        628        524         72       1840          0   Object Totals
         0          0         32          0          0          0   (incl. Generated)
         4          0          1          0          0          0   (incl. Padding)

    ----------------------------------------------------------------------

      Code (inc. data)   RO Data    RW Data    ZI Data      Debug   Library Member Name

         8          0          0          0          0          0   __main.o
       284          0          0          0          0          0   __printf_wp.o
         0          0          0          0          0          0   __rtentry.o
        12          0          0          0          0          0   __rtentry2.o
         6          0          0          0          0          0   __rtentry4.o
        52          8          0          0          0          0   __scatter.o
        26          0          0          0          0          0   __scatter_copy.o
        28          0          0          0          0          0   __scatter_zi.o
        48          6          0          0          0          0   _printf_char_common.o
         6          0          0          0          0          0   _printf_f.o
      1050          0          0          0          0          0   _printf_fp_dec.o
       128         16          0          0          0          0   _printf_fp_infnan.o
        78          0          0          0          0          0   _printf_pad.o
         0          0          0          0          0          0   _printf_percent.o
         4          0          0          0          0          0   _printf_percent_end.o
        10          0          0          0          0          0   _sputc.o
       220          4        148          0          0          0   bigflt0.o
      1910        128          0          0          0          0   btod.o
        12          0          0          0          0          0   exit.o
         6          0          0          0          0          0   heapauxi.o
         0          0          0          0          0          0   indicate_semi.o
        44         10         28          0          0          0   lc_numeric_c.o
         2          0          0          0          0          0   libinit.o
        22          0          0          0          0          0   libinit2.o
         2          0          0          0          0          0   libshutdown.o
         2          0          0          0          0          0   libshutdown2.o
         8          4          0          0         96          0   libspace.o
       138          0          0          0          0          0   lludiv10.o
        40          6          0          0          0          0   noretval__2sprintf.o
         8          4          0          0          0          0   rt_locale_intlibspace.o
         2          0          0          0          0          0   rtexit.o
        10          0          0          0          0          0   rtexit2.o
       128          0          0          0          0          0   strcmpv7m.o
        12          4          0          0          0          0   sys_exit.o
        74          0          0          0          0          0   sys_stackheap_outer.o
         2          0          0          0          0          0   use_no_semi.o
        24          0          0          0          0          0   dcmpi.o
       688        140          0          0          0          0   ddiv.o
       120          4          0          0          0          0   deqf.o
        90          4          0          0          0          0   dfixu.o
        38          0          0          0          0          0   dflt_clz.o
       120          4          0          0          0          0   dleqf.o
       156          4          0          0          0          0   dnaninf.o
        12          0          0          0          0          0   dretinf.o
        86          4          0          0          0          0   f2d.o
       140          4          0          0          0          0   fnaninf.o
        10          0          0          0          0          0   fpinit.o
         4          0          0          0          0          0   printf1.o
         0          0          0          0          0          0   usenofp.o
        48          0          0          0          0          0   fpclassify.o

    ----------------------------------------------------------------------
      5928        354        176          0         96          0   Library Totals
        10          0          0          0          0          0   (incl. Padding)

    ----------------------------------------------------------------------

      Code (inc. data)   RO Data    RW Data    ZI Data      Debug   Library Name

      4382        190        176          0         96          0   c_w.l
      1488        164          0          0          0          0   fz_wm.l
        48          0          0          0          0          0   m_wm.l

    ----------------------------------------------------------------------
      5928        354        176          0         96          0   Library Totals

    ----------------------------------------------------------------------

==============================================================================


      Code (inc. data)   RO Data    RW Data    ZI Data      Debug   

     19484        982        700         72       1936          0   Grand Totals
     19484        982        700         72       1936          0   ELF Image Totals
     19484        982        700         72          0          0   ROM Totals

==============================================================================

    Total RO  Size (Code + RO Data)                20184 (  19.71kB)
    Total RW  Size (RW Data + ZI Data)              2008 (   1.96kB)
    Total ROM Size (Code + RO Data + RW Data)      20256 (  19.78kB)

==============================================================================

